[RESOURCE_PACK_TEST] PASS X1/no-pack-uses-base
[RESOURCE_PACK_TEST] PASS X1/enabled-order-is-deterministic
[RESOURCE_PACK_TEST] PASS X1/unoverridden-resource-falls-back
[RESOURCE_PACK_TEST] PASS X2/ogre-locations-follow-effective-order
[RESOURCE_PACK_TEST] PASS X2/override-class-block
[RESOURCE_PACK_TEST] PASS X2/override-class-font
[RESOURCE_PACK_TEST] PASS X2/override-class-material-profile
[RESOURCE_PACK_TEST] PASS X2/override-class-resource-script
[RESOURCE_PACK_TEST] PASS X2/override-class-resource-script-HelloMine3D.material
[RESOURCE_PACK_TEST] PASS X2/override-class-resource-script-HelloMine3D.program
[RESOURCE_PACK_TEST] PASS X2/override-class-resource-script-HelloMine3D.compositor
[RESOURCE_PACK_TEST] PASS X2/override-class-shader
[RESOURCE_PACK_TEST] PASS X2/override-class-shader-HelloMine3DActor.frag
[RESOURCE_PACK_TEST] PASS X2/override-class-shader-HelloMine3DActor.vert
[RESOURCE_PACK_TEST] PASS X2/override-class-shader-HelloMine3DActorShadow.frag
[RESOURCE_PACK_TEST] PASS X2/override-class-shader-HelloMine3DActorShadow.vert
[RESOURCE_PACK_TEST] PASS X2/override-class-shader-HelloMine3DDirectionalShadowCaster.frag
[RESOURCE_PACK_TEST] PASS X2/override-class-shader-HelloMine3DDirectionalShadowCaster.vert
[RESOURCE_PACK_TEST] PASS X2/override-class-shader-HelloMine3DFlora.vert
[RESOURCE_PACK_TEST] PASS X2/override-class-shader-HelloMine3DFloraShadow.vert
[RESOURCE_PACK_TEST] PASS X2/override-class-shader-HelloMine3DPostProcess.frag
[RESOURCE_PACK_TEST] PASS X2/override-class-shader-HelloMine3DPostProcess.vert
[RESOURCE_PACK_TEST] PASS X2/override-class-shader-HelloMine3DSkybox.frag
[RESOURCE_PACK_TEST] PASS X2/override-class-shader-HelloMine3DTerrain.frag
[RESOURCE_PACK_TEST] PASS X2/override-class-shader-HelloMine3DTerrain.vert
[RESOURCE_PACK_TEST] PASS X2/override-class-shader-HelloMine3DTerrainShadow.frag
[RESOURCE_PACK_TEST] PASS X2/override-class-shader-HelloMine3DTerrainShadow.vert
[RESOURCE_PACK_TEST] PASS X2/override-class-shader-HelloMine3DWater.frag
[RESOURCE_PACK_TEST] PASS X2/override-class-shape
[RESOURCE_PACK_TEST] PASS X2/override-class-texture
[RESOURCE_PACK_TEST] PASS X1/reject-incompatible-version
[RESOURCE_PACK_TEST] PASS X1/reject-relative-path-escape
[RESOURCE_PACK_TEST] PASS X3/reject-stale-override
[RESOURCE_PACK_TEST] PASS X2/reject-empty-override-with-owner
[RESOURCE_PACK_TEST] PASS X1/reject-duplicate-pack-name
[RESOURCE_PACK_TEST] PASS N4/reject-unversioned-enemy-override
[RESOURCE_PACK_TEST] PASS N3/reject-unversioned-food-override
[RESOURCE_PACK_TEST] PASS N1/reject-unversioned-objective-override
[RESOURCE_PACK_TEST] PASS G1/reject-unversioned-recipe-override
[RESOURCE_PACK_TEST] PASS N2/reject-unversioned-smelting-override
[RESOURCE_PACK_TEST] PASS G3/reject-unversioned-tool-override
[RESOURCE_PACK_TEST] PASS G5/reject-unversioned-audio-override
[RESOURCE_PACK_TEST] PASS N12B/reject-unversioned-audio-sample-override
[RESOURCE_PACK_TEST] PASS N7A/reject-unversioned-text-override
[RESOURCE_PACK_TEST] PASS N12C/reject-unversioned-music-override
[RESOURCE_PACK_TEST] PASS N12C/reject-unversioned-music-track-override
[RESOURCE_PACK_TEST] PASS N12A/reject-unversioned-presentation-font-override
[RESOURCE_PACK_TEST] PASS N12A/reject-unversioned-font-license-override
[RESOURCE_PACK_TEST] PASS X2/reject-missing-effective-resource
[RESOURCE_PACK_TEST] PASS V10B1/default-profile-is-pixel-compatible
[RESOURCE_PACK_TEST] PASS V10B1/profile-bounds-atlas-tiles
[RESOURCE_PACK_TEST] PASS V10B1/scaled-atlas-uses-profile-pixel-centres
[RESOURCE_PACK_TEST] PASS V10B1/reject-missing-parameter
[RESOURCE_PACK_TEST] PASS V10B1/reject-duplicate-parameter
[RESOURCE_PACK_TEST] PASS V10B1/reject-unknown-parameter
[RESOURCE_PACK_TEST] PASS V10B1/reject-noninteger-atlas-division
[RESOURCE_PACK_TEST] PASS V10B1/reject-inconsistent-row-count
[RESOURCE_PACK_TEST] PASS V10B1/reject-colour-parameter-out-of-range
[RESOURCE_PACK_TEST] PASS V10B1/reject-gamma-out-of-range
[RESOURCE_PACK_TEST] PASS V10B1/reject-atlas-size-mismatch
[RESOURCE_PACK_TEST] PASS V10B1/reject-shader-interface-drift
[RESOURCE_PACK_TEST] PASS V10B1/reject-missing-atlas
[RESOURCE_PACK_TEST] PASS V10B1/resource-pack-profile-override-is-effective
[RESOURCE_PACK_TEST] PASS V10B2/reject-missing-atlas-layout
[RESOURCE_PACK_TEST] PASS V10B2/resource-pack-cannot-desynchronise-atlas-layout
[RESOURCE_PACK_TEST] PASS V10C/atmosphere-shader-interface-valid
[RESOURCE_PACK_TEST] PASS V10C/reject-atmosphere-interface-drift
[RESOURCE_PACK_TEST] PASS V10D/directional-shadow-interface-valid
[RESOURCE_PACK_TEST] PASS V10D/reject-directional-shadow-interface-drift
[RESOURCE_PACK_TEST] PASS Warm/reject-missing-media/ogre/HelloMine3DTerrain.frag/uniform vec3 sunColour;
[RESOURCE_PACK_TEST] PASS Warm/reject-missing-media/ogre/HelloMine3DTerrain.frag/uniform float sunIntensity;
[RESOURCE_PACK_TEST] PASS Warm/reject-missing-media/ogre/HelloMine3DTerrain.frag/uniform float surfaceLightingStrength;
[RESOURCE_PACK_TEST] PASS Warm/reject-missing-media/ogre/HelloMine3DTerrainShadow.frag/uniform vec3 sunColour;
[RESOURCE_PACK_TEST] PASS Warm/reject-missing-media/ogre/HelloMine3DTerrainShadow.frag/uniform float sunIntensity;
[RESOURCE_PACK_TEST] PASS Warm/reject-missing-media/ogre/HelloMine3DTerrainShadow.frag/uniform float surfaceLightingStrength;
[RESOURCE_PACK_TEST] PASS V10E/post-processing-interface-valid
[RESOURCE_PACK_TEST] PASS V10E/reject-post-processing-interface-drift
[RESOURCE_PACK_TEST] PASS G5/missing-audio-keeps-effective-view-loadable
[RESOURCE_PACK_TEST] PASS G5/missing-audio-does-not-fail-startup-preflight
[RESOURCE_PACK_TEST] PASS N12B/missing-sample-keeps-resource-view-and-preflight-loadable
[RESOURCE_PACK_TEST] PASS N12C/missing-music-definition-keeps-startup-loadable
[RESOURCE_PACK_TEST] PASS N12C/missing-music-track-keeps-startup-loadable
[RESOURCE_PACK_TEST] PASS N12A/missing-presentation-font-keeps-view-loadable
[RESOURCE_PACK_TEST] PASS N12A/missing-presentation-font-keeps-preflight-loadable
[RESOURCE_PACK_TEST] PASS X3/effective-manifest-sorted-and-owned
[RESOURCE_PACK_TEST] PASS X2/effective-view-freezes-once
[RESOURCE_PACK_TEST] checks=86 failures=0
[RESOURCE_PACK_TEST] status=PASS
