14:23:25: Creating resource group General
14:23:25: Creating resource group Internal
14:23:25: Creating resource group Autodetect
14:23:25: SceneManagerFactory for type 'DefaultSceneManager' registered.
14:23:25: Registering ResourceManager for type Material
14:23:25: Registering ResourceManager for type Mesh
14:23:25: Registering ResourceManager for type Skeleton
14:23:25: MovableObjectFactory for type 'ParticleSystem' registered.
14:23:25: ArchiveFactory for archive type FileSystem registered.
14:23:25: ArchiveFactory for archive type Zip registered.
14:23:25: ArchiveFactory for archive type EmbeddedZip registered.
14:23:25: DDS codec registering
14:23:25: FreeImage version: 3.15.4
14:23:25: This program uses FreeImage, a free, open source image library supporting all common bitmap formats. See http://freeimage.sourceforge.net for details
14:23:25: Supported formats: bmp,ico,jpg,jif,jpeg,jpe,jng,koa,iff,lbm,mng,pbm,pbm,pcd,pcx,pgm,pgm,png,ppm,ppm,ras,tga,targa,tif,tiff,wap,wbmp,wbm,psd,cut,xbm,xpm,gif,hdr,g3,sgi,exr,j2k,j2c,jp2,pfm,pct,pict,pic,3fr,arw,bay,bmq,cap,cine,cr2,crw,cs1,dc2,dcr,drf,dsc,dng,erf,fff,ia,iiq,k25,kc2,kdc,mdc,mef,mos,mrw,nef,nrw,orf,pef,ptx,pxn,qtk,raf,raw,rdc,rw2,rwl,rwz,sr2,srf,srw,sti
14:23:25: Registering ResourceManager for type HighLevelGpuProgram
14:23:25: Registering ResourceManager for type Compositor
14:23:25: MovableObjectFactory for type 'Entity' registered.
14:23:25: MovableObjectFactory for type 'Light' registered.
14:23:25: MovableObjectFactory for type 'BillboardSet' registered.
14:23:25: MovableObjectFactory for type 'ManualObject' registered.
14:23:25: MovableObjectFactory for type 'BillboardChain' registered.
14:23:25: MovableObjectFactory for type 'RibbonTrail' registered.
14:23:25: *-*-* OGRE Initialising
14:23:25: *-*-* Version 1.10.0git (Xalafu)
14:23:25: Installing plugin: GL 3+ RenderSystem
14:23:25: OpenGL 3+ Rendering Subsystem created.
14:23:26: Plugin successfully installed
14:23:26: Added resource location '/private/tmp/hm3d-independent-ai01-6916867/layout-retest/HelloMine3D-Layout-20260905.app/Contents/Resources/media/ogre' of type 'FileSystem' to resource group 'General' with recursive option
14:23:26: Added resource location '/private/tmp/hm3d-independent-ai01-6916867/layout-retest/HelloMine3D-Layout-20260905.app/Contents/Resources/media/textures' of type 'FileSystem' to resource group 'General' with recursive option
14:23:26: CPU Identifier & Features
14:23:26: -------------------------
14:23:26:  *   CPU ID: GenuineIntel: VirtualApple @ 2.50GHz
14:23:26:  *          SSE: yes
14:23:26:  *         SSE2: yes
14:23:26:  *         SSE3: yes
14:23:26:  *        SSE41: yes
14:23:26:  *        SSE42: yes
14:23:26:  *          MMX: yes
14:23:26:  *       MMXEXT: yes
14:23:26:  *        3DNOW: no
14:23:26:  *     3DNOWEXT: no
14:23:26:  *         CMOV: yes
14:23:26:  *          TSC: yes
14:23:26:  *INVARIANT TSC: yes
14:23:26:  *          FPU: yes
14:23:26:  *          PRO: yes
14:23:26:  *           HT: no
14:23:26: -------------------------
14:23:26: ********************************************
***  Starting Mac OS X OpenGL Subsystem  ***
********************************************
14:23:26: GL3PlusRenderSystem::_createRenderWindow "HelloMine3D", 1280x720 windowed  miscParams: FSAA=0 contentScalingFactor=2 contextProfile=1 gamma=No hidden=No macAPI=cocoa title=HelloMine3D vsync=Yes 
14:23:26: Creating a Cocoa Compatible Render System
14:23:26: Cocoa: Window created 1280 x 720 with backing store size 2560 x 1440 using content scaling factor 2.0
14:23:26: GL_VERSION = 4.1.0.0
14:23:26: GL_VENDOR = Apple
14:23:26: GL_RENDERER = Apple M1 Pro
14:23:26: GL_EXTENSIONS = 
14:23:26: GL_ARB_blend_func_extended
14:23:26: GL_ARB_draw_buffers_blend
14:23:26: GL_ARB_draw_indirect
14:23:26: GL_ARB_ES2_compatibility
14:23:26: GL_ARB_explicit_attrib_location
14:23:26: GL_ARB_gpu_shader_fp64
14:23:26: GL_ARB_gpu_shader5
14:23:26: GL_ARB_instanced_arrays
14:23:26: GL_ARB_internalformat_query
14:23:26: GL_ARB_occlusion_query2
14:23:26: GL_ARB_sample_shading
14:23:26: GL_ARB_sampler_objects
14:23:26: GL_ARB_separate_shader_objects
14:23:26: GL_ARB_shader_bit_encoding
14:23:26: GL_ARB_shader_subroutine
14:23:26: GL_ARB_shading_language_include
14:23:26: GL_ARB_tessellation_shader
14:23:26: GL_ARB_texture_buffer_object_rgb32
14:23:26: GL_ARB_texture_cube_map_array
14:23:26: GL_ARB_texture_gather
14:23:26: GL_ARB_texture_query_lod
14:23:26: GL_ARB_texture_rgb10_a2ui
14:23:26: GL_ARB_texture_storage
14:23:26: GL_ARB_texture_swizzle
14:23:26: GL_ARB_timer_query
14:23:26: GL_ARB_transform_feedback2
14:23:26: GL_ARB_transform_feedback3
14:23:26: GL_ARB_vertex_attrib_64bit
14:23:26: GL_ARB_vertex_type_2_10_10_10_rev
14:23:26: GL_ARB_viewport_array
14:23:26: GL_EXT_debug_label
14:23:26: GL_EXT_debug_marker
14:23:26: GL_EXT_framebuffer_multisample_blit_scaled
14:23:26: GL_EXT_texture_compression_s3tc
14:23:26: GL_EXT_texture_filter_anisotropic
14:23:26: GL_EXT_texture_sRGB_decode
14:23:26: GL_APPLE_client_storage
14:23:26: GL_APPLE_container_object_shareable
14:23:26: GL_APPLE_flush_render
14:23:26: GL_APPLE_rgb_422
14:23:26: GL_APPLE_row_bytes
14:23:26: GL_APPLE_texture_range
14:23:26: GL_NV_texture_barrier
14:23:26: **************************************
14:23:26: ***   OpenGL 3+ Renderer Started   ***
14:23:26: **************************************
14:23:26: Registering ResourceManager for type GpuProgram
14:23:26: GL3+: Using FBOs for rendering to textures
14:23:26: FBO PF_UNKNOWN depth/stencil support: D0S1 D0S4 D0S8 D0S16 D16S0 D16S1 D16S4 D16S8 D16S16 D24S0 D24S1 D24S4 D24S8 D24S16 D32S0 D32S1 D32S4 D32S8 D32S16 D32S0 D32S1 D32S4 D32S8 D32S16 Packed-D24S8 Packed-D32S8 
14:23:26: FBO PF_L8 depth/stencil support: D0S0 D0S1 D0S4 D0S8 D0S16 D16S0 D16S1 D16S4 D16S8 D16S16 D24S0 D24S1 D24S4 D24S8 D24S16 D32S0 D32S1 D32S4 D32S8 D32S16 D32S0 D32S1 D32S4 D32S8 D32S16 Packed-D24S8 Packed-D32S8 
14:23:26: FBO PF_L16 depth/stencil support: D0S0 D0S1 D0S4 D0S8 D0S16 D16S0 D16S1 D16S4 D16S8 D16S16 D24S0 D24S1 D24S4 D24S8 D24S16 D32S0 D32S1 D32S4 D32S8 D32S16 D32S0 D32S1 D32S4 D32S8 D32S16 Packed-D24S8 Packed-D32S8 
14:23:26: FBO PF_BYTE_LA depth/stencil support: D0S0 D0S1 D0S4 D0S8 D0S16 D16S0 D16S1 D16S4 D16S8 D16S16 D24S0 D24S1 D24S4 D24S8 D24S16 D32S0 D32S1 D32S4 D32S8 D32S16 D32S0 D32S1 D32S4 D32S8 D32S16 Packed-D24S8 Packed-D32S8 
14:23:26: FBO PF_R5G6B5 depth/stencil support: D0S0 D0S1 D0S4 D0S8 D0S16 D16S0 D16S1 D16S4 D16S8 D16S16 D24S0 D24S1 D24S4 D24S8 D24S16 D32S0 D32S1 D32S4 D32S8 D32S16 D32S0 D32S1 D32S4 D32S8 D32S16 Packed-D24S8 Packed-D32S8 
14:23:26: FBO PF_A4R4G4B4 depth/stencil support: D0S0 D0S1 D0S4 D0S8 D0S16 D16S0 D16S1 D16S4 D16S8 D16S16 D24S0 D24S1 D24S4 D24S8 D24S16 D32S0 D32S1 D32S4 D32S8 D32S16 D32S0 D32S1 D32S4 D32S8 D32S16 Packed-D24S8 Packed-D32S8 
14:23:26: FBO PF_A1R5G5B5 depth/stencil support: D0S0 D0S1 D0S4 D0S8 D0S16 D16S0 D16S1 D16S4 D16S8 D16S16 D24S0 D24S1 D24S4 D24S8 D24S16 D32S0 D32S1 D32S4 D32S8 D32S16 D32S0 D32S1 D32S4 D32S8 D32S16 Packed-D24S8 Packed-D32S8 
14:23:26: FBO PF_R8G8B8 depth/stencil support: D0S0 D0S1 D0S4 D0S8 D0S16 D16S0 D16S1 D16S4 D16S8 D16S16 D24S0 D24S1 D24S4 D24S8 D24S16 D32S0 D32S1 D32S4 D32S8 D32S16 D32S0 D32S1 D32S4 D32S8 D32S16 Packed-D24S8 Packed-D32S8 
14:23:26: FBO PF_B8G8R8 depth/stencil support: D0S0 D0S1 D0S4 D0S8 D0S16 D16S0 D16S1 D16S4 D16S8 D16S16 D24S0 D24S1 D24S4 D24S8 D24S16 D32S0 D32S1 D32S4 D32S8 D32S16 D32S0 D32S1 D32S4 D32S8 D32S16 Packed-D24S8 Packed-D32S8 
14:23:26: FBO PF_A8R8G8B8 depth/stencil support: D0S0 D0S1 D0S4 D0S8 D0S16 D16S0 D16S1 D16S4 D16S8 D16S16 D24S0 D24S1 D24S4 D24S8 D24S16 D32S0 D32S1 D32S4 D32S8 D32S16 D32S0 D32S1 D32S4 D32S8 D32S16 Packed-D24S8 Packed-D32S8 
14:23:26: FBO PF_A8B8G8R8 depth/stencil support: D0S0 D0S1 D0S4 D0S8 D0S16 D16S0 D16S1 D16S4 D16S8 D16S16 D24S0 D24S1 D24S4 D24S8 D24S16 D32S0 D32S1 D32S4 D32S8 D32S16 D32S0 D32S1 D32S4 D32S8 D32S16 Packed-D24S8 Packed-D32S8 
14:23:26: FBO PF_B8G8R8A8 depth/stencil support: D0S0 D0S1 D0S4 D0S8 D0S16 D16S0 D16S1 D16S4 D16S8 D16S16 D24S0 D24S1 D24S4 D24S8 D24S16 D32S0 D32S1 D32S4 D32S8 D32S16 D32S0 D32S1 D32S4 D32S8 D32S16 Packed-D24S8 Packed-D32S8 
14:23:26: FBO PF_A2R10G10B10 depth/stencil support: D0S0 D0S1 D0S4 D0S8 D0S16 D16S0 D16S1 D16S4 D16S8 D16S16 D24S0 D24S1 D24S4 D24S8 D24S16 D32S0 D32S1 D32S4 D32S8 D32S16 D32S0 D32S1 D32S4 D32S8 D32S16 Packed-D24S8 Packed-D32S8 
14:23:26: FBO PF_A2B10G10R10 depth/stencil support: D0S0 D0S1 D0S4 D0S8 D0S16 D16S0 D16S1 D16S4 D16S8 D16S16 D24S0 D24S1 D24S4 D24S8 D24S16 D32S0 D32S1 D32S4 D32S8 D32S16 D32S0 D32S1 D32S4 D32S8 D32S16 Packed-D24S8 Packed-D32S8 
14:23:26: FBO PF_FLOAT16_RGB depth/stencil support: D0S0 D0S1 D0S4 D0S8 D0S16 D16S0 D16S1 D16S4 D16S8 D16S16 D24S0 D24S1 D24S4 D24S8 D24S16 D32S0 D32S1 D32S4 D32S8 D32S16 D32S0 D32S1 D32S4 D32S8 D32S16 Packed-D24S8 Packed-D32S8 
14:23:26: FBO PF_FLOAT16_RGBA depth/stencil support: D0S0 D0S1 D0S4 D0S8 D0S16 D16S0 D16S1 D16S4 D16S8 D16S16 D24S0 D24S1 D24S4 D24S8 D24S16 D32S0 D32S1 D32S4 D32S8 D32S16 D32S0 D32S1 D32S4 D32S8 D32S16 Packed-D24S8 Packed-D32S8 
14:23:26: FBO PF_FLOAT32_RGB depth/stencil support: D0S0 D0S1 D0S4 D0S8 D0S16 D16S0 D16S1 D16S4 D16S8 D16S16 D24S0 D24S1 D24S4 D24S8 D24S16 D32S0 D32S1 D32S4 D32S8 D32S16 D32S0 D32S1 D32S4 D32S8 D32S16 Packed-D24S8 Packed-D32S8 
14:23:26: FBO PF_FLOAT32_RGBA depth/stencil support: D0S0 D0S1 D0S4 D0S8 D0S16 D16S0 D16S1 D16S4 D16S8 D16S16 D24S0 D24S1 D24S4 D24S8 D24S16 D32S0 D32S1 D32S4 D32S8 D32S16 D32S0 D32S1 D32S4 D32S8 D32S16 Packed-D24S8 Packed-D32S8 
14:23:26: FBO PF_X8R8G8B8 depth/stencil support: D0S0 D0S1 D0S4 D0S8 D0S16 D16S0 D16S1 D16S4 D16S8 D16S16 D24S0 D24S1 D24S4 D24S8 D24S16 D32S0 D32S1 D32S4 D32S8 D32S16 D32S0 D32S1 D32S4 D32S8 D32S16 Packed-D24S8 Packed-D32S8 
14:23:26: FBO PF_X8B8G8R8 depth/stencil support: D0S0 D0S1 D0S4 D0S8 D0S16 D16S0 D16S1 D16S4 D16S8 D16S16 D24S0 D24S1 D24S4 D24S8 D24S16 D32S0 D32S1 D32S4 D32S8 D32S16 D32S0 D32S1 D32S4 D32S8 D32S16 Packed-D24S8 Packed-D32S8 
14:23:26: FBO PF_R8G8B8A8 depth/stencil support: D0S0 D0S1 D0S4 D0S8 D0S16 D16S0 D16S1 D16S4 D16S8 D16S16 D24S0 D24S1 D24S4 D24S8 D24S16 D32S0 D32S1 D32S4 D32S8 D32S16 D32S0 D32S1 D32S4 D32S8 D32S16 Packed-D24S8 Packed-D32S8 
14:23:26: FBO PF_DEPTH depth/stencil support: D0S0 D0S1 D0S4 D0S8 D0S16 D16S0 D16S1 D16S4 D16S8 D16S16 D24S0 D24S1 D24S4 D24S8 D24S16 D32S0 D32S1 D32S4 D32S8 D32S16 D32S0 D32S1 D32S4 D32S8 D32S16 Packed-D24S8 Packed-D32S8 
14:23:26: FBO PF_SHORT_RGBA depth/stencil support: D0S0 D0S1 D0S4 D0S8 D0S16 D16S0 D16S1 D16S4 D16S8 D16S16 D24S0 D24S1 D24S4 D24S8 D24S16 D32S0 D32S1 D32S4 D32S8 D32S16 D32S0 D32S1 D32S4 D32S8 D32S16 Packed-D24S8 Packed-D32S8 
14:23:26: FBO PF_R3G3B2 depth/stencil support: D0S0 D0S1 D0S4 D0S8 D0S16 D16S0 D16S1 D16S4 D16S8 D16S16 D24S0 D24S1 D24S4 D24S8 D24S16 D32S0 D32S1 D32S4 D32S8 D32S16 D32S0 D32S1 D32S4 D32S8 D32S16 Packed-D24S8 Packed-D32S8 
14:23:26: FBO PF_FLOAT16_R depth/stencil support: D0S0 D0S1 D0S4 D0S8 D0S16 D16S0 D16S1 D16S4 D16S8 D16S16 D24S0 D24S1 D24S4 D24S8 D24S16 D32S0 D32S1 D32S4 D32S8 D32S16 D32S0 D32S1 D32S4 D32S8 D32S16 Packed-D24S8 Packed-D32S8 
14:23:26: FBO PF_FLOAT32_R depth/stencil support: D0S0 D0S1 D0S4 D0S8 D0S16 D16S0 D16S1 D16S4 D16S8 D16S16 D24S0 D24S1 D24S4 D24S8 D24S16 D32S0 D32S1 D32S4 D32S8 D32S16 D32S0 D32S1 D32S4 D32S8 D32S16 Packed-D24S8 Packed-D32S8 
14:23:26: FBO PF_SHORT_GR depth/stencil support: D0S0 D0S1 D0S4 D0S8 D0S16 D16S0 D16S1 D16S4 D16S8 D16S16 D24S0 D24S1 D24S4 D24S8 D24S16 D32S0 D32S1 D32S4 D32S8 D32S16 D32S0 D32S1 D32S4 D32S8 D32S16 Packed-D24S8 Packed-D32S8 
14:23:26: FBO PF_FLOAT16_GR depth/stencil support: D0S0 D0S1 D0S4 D0S8 D0S16 D16S0 D16S1 D16S4 D16S8 D16S16 D24S0 D24S1 D24S4 D24S8 D24S16 D32S0 D32S1 D32S4 D32S8 D32S16 D32S0 D32S1 D32S4 D32S8 D32S16 Packed-D24S8 Packed-D32S8 
14:23:26: FBO PF_FLOAT32_GR depth/stencil support: D0S0 D0S1 D0S4 D0S8 D0S16 D16S0 D16S1 D16S4 D16S8 D16S16 D24S0 D24S1 D24S4 D24S8 D24S16 D32S0 D32S1 D32S4 D32S8 D32S16 D32S0 D32S1 D32S4 D32S8 D32S16 Packed-D24S8 Packed-D32S8 
14:23:26: FBO PF_SHORT_RGB depth/stencil support: D0S0 D0S1 D0S4 D0S8 D0S16 D16S0 D16S1 D16S4 D16S8 D16S16 D24S0 D24S1 D24S4 D24S8 D24S16 D32S0 D32S1 D32S4 D32S8 D32S16 D32S0 D32S1 D32S4 D32S8 D32S16 Packed-D24S8 Packed-D32S8 
14:23:26: FBO PF_R11G11B10_FLOAT depth/stencil support: D0S0 D0S1 D0S4 D0S8 D0S16 D16S0 D16S1 D16S4 D16S8 D16S16 D24S0 D24S1 D24S4 D24S8 D24S16 D32S0 D32S1 D32S4 D32S8 D32S16 D32S0 D32S1 D32S4 D32S8 D32S16 Packed-D24S8 Packed-D32S8 
14:23:26: FBO PF_R8_UINT depth/stencil support: D0S0 D0S1 D0S4 D0S8 D0S16 D16S0 D16S1 D16S4 D16S8 D16S16 D24S0 D24S1 D24S4 D24S8 D24S16 D32S0 D32S1 D32S4 D32S8 D32S16 D32S0 D32S1 D32S4 D32S8 D32S16 Packed-D24S8 Packed-D32S8 
14:23:26: FBO PF_R8G8_UINT depth/stencil support: D0S0 D0S1 D0S4 D0S8 D0S16 D16S0 D16S1 D16S4 D16S8 D16S16 D24S0 D24S1 D24S4 D24S8 D24S16 D32S0 D32S1 D32S4 D32S8 D32S16 D32S0 D32S1 D32S4 D32S8 D32S16 Packed-D24S8 Packed-D32S8 
14:23:26: FBO PF_R8G8B8_UINT depth/stencil support: D0S0 D0S1 D0S4 D0S8 D0S16 D16S0 D16S1 D16S4 D16S8 D16S16 D24S0 D24S1 D24S4 D24S8 D24S16 D32S0 D32S1 D32S4 D32S8 D32S16 D32S0 D32S1 D32S4 D32S8 D32S16 Packed-D24S8 Packed-D32S8 
14:23:26: FBO PF_R8G8B8A8_UINT depth/stencil support: D0S0 D0S1 D0S4 D0S8 D0S16 D16S0 D16S1 D16S4 D16S8 D16S16 D24S0 D24S1 D24S4 D24S8 D24S16 D32S0 D32S1 D32S4 D32S8 D32S16 D32S0 D32S1 D32S4 D32S8 D32S16 Packed-D24S8 Packed-D32S8 
14:23:26: FBO PF_R16_UINT depth/stencil support: D0S0 D0S1 D0S4 D0S8 D0S16 D16S0 D16S1 D16S4 D16S8 D16S16 D24S0 D24S1 D24S4 D24S8 D24S16 D32S0 D32S1 D32S4 D32S8 D32S16 D32S0 D32S1 D32S4 D32S8 D32S16 Packed-D24S8 Packed-D32S8 
14:23:26: FBO PF_R16G16_UINT depth/stencil support: D0S0 D0S1 D0S4 D0S8 D0S16 D16S0 D16S1 D16S4 D16S8 D16S16 D24S0 D24S1 D24S4 D24S8 D24S16 D32S0 D32S1 D32S4 D32S8 D32S16 D32S0 D32S1 D32S4 D32S8 D32S16 Packed-D24S8 Packed-D32S8 
14:23:26: FBO PF_R16G16B16_UINT depth/stencil support: D0S0 D0S1 D0S4 D0S8 D0S16 D16S0 D16S1 D16S4 D16S8 D16S16 D24S0 D24S1 D24S4 D24S8 D24S16 D32S0 D32S1 D32S4 D32S8 D32S16 D32S0 D32S1 D32S4 D32S8 D32S16 Packed-D24S8 Packed-D32S8 
14:23:26: FBO PF_R16G16B16A16_UINT depth/stencil support: D0S0 D0S1 D0S4 D0S8 D0S16 D16S0 D16S1 D16S4 D16S8 D16S16 D24S0 D24S1 D24S4 D24S8 D24S16 D32S0 D32S1 D32S4 D32S8 D32S16 D32S0 D32S1 D32S4 D32S8 D32S16 Packed-D24S8 Packed-D32S8 
14:23:26: FBO PF_R32_UINT depth/stencil support: D0S0 D0S1 D0S4 D0S8 D0S16 D16S0 D16S1 D16S4 D16S8 D16S16 D24S0 D24S1 D24S4 D24S8 D24S16 D32S0 D32S1 D32S4 D32S8 D32S16 D32S0 D32S1 D32S4 D32S8 D32S16 Packed-D24S8 Packed-D32S8 
14:23:26: FBO PF_R32G32_UINT depth/stencil support: D0S0 D0S1 D0S4 D0S8 D0S16 D16S0 D16S1 D16S4 D16S8 D16S16 D24S0 D24S1 D24S4 D24S8 D24S16 D32S0 D32S1 D32S4 D32S8 D32S16 D32S0 D32S1 D32S4 D32S8 D32S16 Packed-D24S8 Packed-D32S8 
14:23:26: FBO PF_R32G32B32_UINT depth/stencil support: D0S0 D0S1 D0S4 D0S8 D0S16 D16S0 D16S1 D16S4 D16S8 D16S16 D24S0 D24S1 D24S4 D24S8 D24S16 D32S0 D32S1 D32S4 D32S8 D32S16 D32S0 D32S1 D32S4 D32S8 D32S16 Packed-D24S8 Packed-D32S8 
14:23:26: FBO PF_R32G32B32A32_UINT depth/stencil support: D0S0 D0S1 D0S4 D0S8 D0S16 D16S0 D16S1 D16S4 D16S8 D16S16 D24S0 D24S1 D24S4 D24S8 D24S16 D32S0 D32S1 D32S4 D32S8 D32S16 D32S0 D32S1 D32S4 D32S8 D32S16 Packed-D24S8 Packed-D32S8 
14:23:26: FBO PF_R8_SINT depth/stencil support: D0S0 D0S1 D0S4 D0S8 D0S16 D16S0 D16S1 D16S4 D16S8 D16S16 D24S0 D24S1 D24S4 D24S8 D24S16 D32S0 D32S1 D32S4 D32S8 D32S16 D32S0 D32S1 D32S4 D32S8 D32S16 Packed-D24S8 Packed-D32S8 
14:23:26: FBO PF_R8G8_SINT depth/stencil support: D0S0 D0S1 D0S4 D0S8 D0S16 D16S0 D16S1 D16S4 D16S8 D16S16 D24S0 D24S1 D24S4 D24S8 D24S16 D32S0 D32S1 D32S4 D32S8 D32S16 D32S0 D32S1 D32S4 D32S8 D32S16 Packed-D24S8 Packed-D32S8 
14:23:26: FBO PF_R8G8B8_SINT depth/stencil support: D0S0 D0S1 D0S4 D0S8 D0S16 D16S0 D16S1 D16S4 D16S8 D16S16 D24S0 D24S1 D24S4 D24S8 D24S16 D32S0 D32S1 D32S4 D32S8 D32S16 D32S0 D32S1 D32S4 D32S8 D32S16 Packed-D24S8 Packed-D32S8 
14:23:26: FBO PF_R8G8B8A8_SINT depth/stencil support: D0S0 D0S1 D0S4 D0S8 D0S16 D16S0 D16S1 D16S4 D16S8 D16S16 D24S0 D24S1 D24S4 D24S8 D24S16 D32S0 D32S1 D32S4 D32S8 D32S16 D32S0 D32S1 D32S4 D32S8 D32S16 Packed-D24S8 Packed-D32S8 
14:23:26: FBO PF_R16_SINT depth/stencil support: D0S0 D0S1 D0S4 D0S8 D0S16 D16S0 D16S1 D16S4 D16S8 D16S16 D24S0 D24S1 D24S4 D24S8 D24S16 D32S0 D32S1 D32S4 D32S8 D32S16 D32S0 D32S1 D32S4 D32S8 D32S16 Packed-D24S8 Packed-D32S8 
14:23:26: FBO PF_R16G16_SINT depth/stencil support: D0S0 D0S1 D0S4 D0S8 D0S16 D16S0 D16S1 D16S4 D16S8 D16S16 D24S0 D24S1 D24S4 D24S8 D24S16 D32S0 D32S1 D32S4 D32S8 D32S16 D32S0 D32S1 D32S4 D32S8 D32S16 Packed-D24S8 Packed-D32S8 
14:23:26: FBO PF_R16G16B16_SINT depth/stencil support: D0S0 D0S1 D0S4 D0S8 D0S16 D16S0 D16S1 D16S4 D16S8 D16S16 D24S0 D24S1 D24S4 D24S8 D24S16 D32S0 D32S1 D32S4 D32S8 D32S16 D32S0 D32S1 D32S4 D32S8 D32S16 Packed-D24S8 Packed-D32S8 
14:23:26: FBO PF_R16G16B16A16_SINT depth/stencil support: D0S0 D0S1 D0S4 D0S8 D0S16 D16S0 D16S1 D16S4 D16S8 D16S16 D24S0 D24S1 D24S4 D24S8 D24S16 D32S0 D32S1 D32S4 D32S8 D32S16 D32S0 D32S1 D32S4 D32S8 D32S16 Packed-D24S8 Packed-D32S8 
14:23:26: FBO PF_R32_SINT depth/stencil support: D0S0 D0S1 D0S4 D0S8 D0S16 D16S0 D16S1 D16S4 D16S8 D16S16 D24S0 D24S1 D24S4 D24S8 D24S16 D32S0 D32S1 D32S4 D32S8 D32S16 D32S0 D32S1 D32S4 D32S8 D32S16 Packed-D24S8 Packed-D32S8 
14:23:26: FBO PF_R32G32_SINT depth/stencil support: D0S0 D0S1 D0S4 D0S8 D0S16 D16S0 D16S1 D16S4 D16S8 D16S16 D24S0 D24S1 D24S4 D24S8 D24S16 D32S0 D32S1 D32S4 D32S8 D32S16 D32S0 D32S1 D32S4 D32S8 D32S16 Packed-D24S8 Packed-D32S8 
14:23:26: FBO PF_R32G32B32_SINT depth/stencil support: D0S0 D0S1 D0S4 D0S8 D0S16 D16S0 D16S1 D16S4 D16S8 D16S16 D24S0 D24S1 D24S4 D24S8 D24S16 D32S0 D32S1 D32S4 D32S8 D32S16 D32S0 D32S1 D32S4 D32S8 D32S16 Packed-D24S8 Packed-D32S8 
14:23:26: FBO PF_R32G32B32A32_SINT depth/stencil support: D0S0 D0S1 D0S4 D0S8 D0S16 D16S0 D16S1 D16S4 D16S8 D16S16 D24S0 D24S1 D24S4 D24S8 D24S16 D32S0 D32S1 D32S4 D32S8 D32S16 D32S0 D32S1 D32S4 D32S8 D32S16 Packed-D24S8 Packed-D32S8 
14:23:26: [GL] : Valid FBO targets PF_UNKNOWN PF_L8 PF_L16 PF_BYTE_LA PF_R5G6B5 PF_A4R4G4B4 PF_A1R5G5B5 PF_R8G8B8 PF_B8G8R8 PF_A8R8G8B8 PF_A8B8G8R8 PF_B8G8R8A8 PF_A2R10G10B10 PF_A2B10G10R10 PF_FLOAT16_RGB PF_FLOAT16_RGBA PF_FLOAT32_RGB PF_FLOAT32_RGBA PF_X8R8G8B8 PF_X8B8G8R8 PF_R8G8B8A8 PF_DEPTH PF_SHORT_RGBA PF_R3G3B2 PF_FLOAT16_R PF_FLOAT32_R PF_SHORT_GR PF_FLOAT16_GR PF_FLOAT32_GR PF_SHORT_RGB PF_R11G11B10_FLOAT PF_R8_UINT PF_R8G8_UINT PF_R8G8B8_UINT PF_R8G8B8A8_UINT PF_R16_UINT PF_R16G16_UINT PF_R16G16B16_UINT PF_R16G16B16A16_UINT PF_R32_UINT PF_R32G32_UINT PF_R32G32B32_UINT PF_R32G32B32A32_UINT PF_R8_SINT PF_R8G8_SINT PF_R8G8B8_SINT PF_R8G8B8A8_SINT PF_R16_SINT PF_R16G16_SINT PF_R16G16B16_SINT PF_R16G16B16A16_SINT PF_R32_SINT PF_R32G32_SINT PF_R32G32B32_SINT PF_R32G32B32A32_SINT 
14:23:26: RenderSystem capabilities
14:23:26: -------------------------
14:23:26: RenderSystem Name: OpenGL 3+ Rendering Subsystem
14:23:26: GPU Vendor: apple
14:23:26: Device Name: Apple M1 Pro
14:23:26: Driver Version: 4.1.0.0
14:23:26:  * Fixed function pipeline: no
14:23:26:  * Anisotropic texture filtering: yes
14:23:26:  * Cube mapping: yes
14:23:26:  * Hardware stencil buffer: yes
14:23:26:    - Stencil depth: 8
14:23:26:    - Two sided stencil support: yes
14:23:26:    - Wrap stencil values: yes
14:23:26:  * 32-bit index buffers: yes
14:23:26:  * Vertex programs: yes
14:23:26:  * Number of floating-point constants for vertex programs: 4096
14:23:26:  * Number of integer constants for vertex programs: 4096
14:23:26:  * Number of boolean constants for vertex programs: 4096
14:23:26:  * Fragment programs: yes
14:23:26:  * Number of floating-point constants for fragment programs: 4096
14:23:26:  * Number of integer constants for fragment programs: 4096
14:23:26:  * Number of boolean constants for fragment programs: 4096
14:23:26:  * Geometry programs: yes
14:23:26:  * Number of floating-point constants for geometry programs: 4096
14:23:26:  * Number of integer constants for geometry programs: 4096
14:23:26:  * Number of boolean constants for geometry programs: 4096
14:23:26:  * Tessellation Hull programs: yes
14:23:26:  * Number of floating-point constants for tessellation hull programs: 4096
14:23:26:  * Number of integer constants for tessellation hull programs: 4096
14:23:26:  * Number of boolean constants for tessellation hull programs: 4096
14:23:26:  * Tessellation Domain programs: yes
14:23:26:  * Number of floating-point constants for tessellation domain programs: 4096
14:23:26:  * Number of integer constants for tessellation domain programs: 4096
14:23:26:  * Number of boolean constants for tessellation domain programs: 4096
14:23:26:  * Compute programs: no
14:23:26:  * Number of floating-point constants for compute programs: 0
14:23:26:  * Number of integer constants for compute programs: 0
14:23:26:  * Number of boolean constants for compute programs: 0
14:23:26:  * Supported Shader Profiles: glsl glsl130 glsl140 glsl150 glsl330 glsl400 glsl410
14:23:26:  * Texture Compression: yes
14:23:26:    - DXT: yes
14:23:26:    - VTC: no
14:23:26:    - PVRTC: no
14:23:26:    - ATC: no
14:23:26:    - ETC1: no
14:23:26:    - ETC2: no
14:23:26:    - BC4/BC5: yes
14:23:26:    - BC6H/BC7: no
14:23:26:  * Hardware Occlusion Query: yes
14:23:26:  * User clip planes: yes
14:23:26:  * VET_UBYTE4 vertex element type: yes
14:23:26:  * Infinite far plane projection: yes
14:23:26:  * Hardware render-to-texture: yes
14:23:26:  * Floating point textures: yes
14:23:26:  * Non-power-of-two textures: yes
14:23:26:  * 1d textures: yes
14:23:26:  * Volume textures: yes
14:23:26:  * Multiple Render Targets: 8
14:23:26:    - With different bit depths: yes
14:23:26:  * Point Sprites: yes
14:23:26:  * Hardware Gamma: yes
14:23:26:  * Extended point parameters: yes
14:23:26:  * Max Point Size: 64
14:23:26:  * Vertex texture fetch: yes
14:23:26:  * Number of world matrices: 0
14:23:26:  * Number of texture units: 16
14:23:26:  * Stencil buffer depth: 8
14:23:26:  * Number of vertex blend matrices: 0
14:23:26:    - Max vertex textures: 16
14:23:26:    - Vertex textures shared: yes
14:23:26:  * Render to Vertex Buffer : yes
14:23:26:  * Hardware Atomic Counters: no
14:23:26:  * PBuffer support: no
14:23:26:  * Vertex Array Objects: yes
14:23:26:  * Separate shader objects: no
14:23:26: Registering ResourceManager for type Texture
14:23:26: DefaultWorkQueue('Root') initialising on thread main.
14:23:26: Particle Renderer Type 'billboard' registered
14:23:26: Parsing scripts for resource group Autodetect
14:23:26: Finished parsing scripts for resource group Autodetect
14:23:26: Creating resources for group Autodetect
14:23:26: All done
14:23:26: Parsing scripts for resource group General
14:23:26: Parsing script HelloMine3D.program
14:23:26: Parsing script HelloMine3D.material
14:23:26: Parsing script HelloMine3D.compositor
14:23:26: Finished parsing scripts for resource group General
14:23:26: Creating resources for group General
14:23:26: All done
14:23:26: Parsing scripts for resource group Internal
14:23:26: Finished parsing scripts for resource group Internal
14:23:26: Creating resources for group Internal
14:23:26: All done
14:23:26: Texture: DefaultPack.png: Loading 1 faces(PF_A8R8G8B8,256x256x1) with 8 hardware generated mipmaps from Image. Internal format is PF_A8R8G8B8,256x256x1.
14:23:26: [INPUT_FOCUS] focused=0 frame=0
14:23:59: [INPUT_FOCUS] focused=1 frame=3440
14:36:00: DefaultWorkQueue('Root') shutting down on thread main.
14:36:00: *-*-* OGRE Shutdown
14:36:00: Unregistering ResourceManager for type Compositor
14:36:00: Unregistering ResourceManager for type Skeleton
14:36:00: Unregistering ResourceManager for type Mesh
14:36:00: Unregistering ResourceManager for type HighLevelGpuProgram
14:36:00: Unregistering ResourceManager for type GpuProgram
14:36:00: Unregistering ResourceManager for type Texture
14:36:00: ********************************************
***  Stopping Mac OS X OpenGL Subsystem  ***
********************************************
14:36:00: Unregistering ResourceManager for type Material
