11:40:18: Creating resource group General
11:40:18: Creating resource group Internal
11:40:18: Creating resource group Autodetect
11:40:18: SceneManagerFactory for type 'DefaultSceneManager' registered.
11:40:18: Registering ResourceManager for type Material
11:40:18: Registering ResourceManager for type Mesh
11:40:18: Registering ResourceManager for type Skeleton
11:40:18: MovableObjectFactory for type 'ParticleSystem' registered.
11:40:18: ArchiveFactory for archive type FileSystem registered.
11:40:18: ArchiveFactory for archive type Zip registered.
11:40:18: ArchiveFactory for archive type EmbeddedZip registered.
11:40:18: DDS codec registering
11:40:18: FreeImage version: 3.15.4
11:40:18: This program uses FreeImage, a free, open source image library supporting all common bitmap formats. See http://freeimage.sourceforge.net for details
11:40:18: Supported formats: bmp,ico,jpg,jif,jpeg,jpe,jng,koa,iff,lbm,mng,pbm,pbm,pcd,pcx,pgm,pgm,png,ppm,ppm,ras,tga,targa,tif,tiff,wap,wbmp,wbm,psd,cut,xbm,xpm,gif,hdr,g3,sgi,exr,j2k,j2c,jp2,pfm,pct,pict,pic,3fr,arw,bay,bmq,cap,cine,cr2,crw,cs1,dc2,dcr,drf,dsc,dng,erf,fff,ia,iiq,k25,kc2,kdc,mdc,mef,mos,mrw,nef,nrw,orf,pef,ptx,pxn,qtk,raf,raw,rdc,rw2,rwl,rwz,sr2,srf,srw,sti
11:40:18: Registering ResourceManager for type HighLevelGpuProgram
11:40:18: Registering ResourceManager for type Compositor
11:40:18: MovableObjectFactory for type 'Entity' registered.
11:40:18: MovableObjectFactory for type 'Light' registered.
11:40:18: MovableObjectFactory for type 'BillboardSet' registered.
11:40:18: MovableObjectFactory for type 'ManualObject' registered.
11:40:18: MovableObjectFactory for type 'BillboardChain' registered.
11:40:18: MovableObjectFactory for type 'RibbonTrail' registered.
11:40:18: *-*-* OGRE Initialising
11:40:18: *-*-* Version 1.10.0git (Xalafu)
11:40:18: Installing plugin: GL 3+ RenderSystem
11:40:18: OpenGL 3+ Rendering Subsystem created.
11:40:18: Plugin successfully installed
11:40:18: Added resource location '/private/tmp/hm3d-ai07-20260906/fresh/HelloMine3D-AI07-20260906.app/Contents/Resources/media/ogre' of type 'FileSystem' to resource group 'General' with recursive option
11:40:18: Added resource location '/private/tmp/hm3d-ai07-20260906/fresh/HelloMine3D-AI07-20260906.app/Contents/Resources/media/textures' of type 'FileSystem' to resource group 'General' with recursive option
11:40:18: CPU Identifier & Features
11:40:18: -------------------------
11:40:18:  *   CPU ID: GenuineIntel: VirtualApple @ 2.50GHz
11:40:18:  *          SSE: yes
11:40:18:  *         SSE2: yes
11:40:18:  *         SSE3: yes
11:40:18:  *        SSE41: yes
11:40:18:  *        SSE42: yes
11:40:18:  *          MMX: yes
11:40:18:  *       MMXEXT: yes
11:40:18:  *        3DNOW: no
11:40:18:  *     3DNOWEXT: no
11:40:18:  *         CMOV: yes
11:40:18:  *          TSC: yes
11:40:18:  *INVARIANT TSC: yes
11:40:18:  *          FPU: yes
11:40:18:  *          PRO: yes
11:40:18:  *           HT: no
11:40:18: -------------------------
11:40:18: ********************************************
***  Starting Mac OS X OpenGL Subsystem  ***
********************************************
11:40:18: GL3PlusRenderSystem::_createRenderWindow "HelloMine3D", 1280x720 windowed  miscParams: FSAA=0 contentScalingFactor=2 contextProfile=1 gamma=No hidden=No macAPI=cocoa title=HelloMine3D vsync=Yes 
11:40:18: Creating a Cocoa Compatible Render System
11:40:18: Cocoa: Window created 1280 x 720 with backing store size 2560 x 1440 using content scaling factor 2.0
11:40:18: GL_VERSION = 4.1.0.0
11:40:18: GL_VENDOR = Apple
11:40:18: GL_RENDERER = Apple M1 Pro
11:40:18: GL_EXTENSIONS = 
11:40:18: GL_ARB_blend_func_extended
11:40:18: GL_ARB_draw_buffers_blend
11:40:18: GL_ARB_draw_indirect
11:40:18: GL_ARB_ES2_compatibility
11:40:18: GL_ARB_explicit_attrib_location
11:40:18: GL_ARB_gpu_shader_fp64
11:40:18: GL_ARB_gpu_shader5
11:40:18: GL_ARB_instanced_arrays
11:40:18: GL_ARB_internalformat_query
11:40:18: GL_ARB_occlusion_query2
11:40:18: GL_ARB_sample_shading
11:40:18: GL_ARB_sampler_objects
11:40:18: GL_ARB_separate_shader_objects
11:40:18: GL_ARB_shader_bit_encoding
11:40:18: GL_ARB_shader_subroutine
11:40:18: GL_ARB_shading_language_include
11:40:18: GL_ARB_tessellation_shader
11:40:18: GL_ARB_texture_buffer_object_rgb32
11:40:18: GL_ARB_texture_cube_map_array
11:40:18: GL_ARB_texture_gather
11:40:18: GL_ARB_texture_query_lod
11:40:18: GL_ARB_texture_rgb10_a2ui
11:40:18: GL_ARB_texture_storage
11:40:18: GL_ARB_texture_swizzle
11:40:18: GL_ARB_timer_query
11:40:18: GL_ARB_transform_feedback2
11:40:18: GL_ARB_transform_feedback3
11:40:18: GL_ARB_vertex_attrib_64bit
11:40:18: GL_ARB_vertex_type_2_10_10_10_rev
11:40:18: GL_ARB_viewport_array
11:40:18: GL_EXT_debug_label
11:40:18: GL_EXT_debug_marker
11:40:18: GL_EXT_framebuffer_multisample_blit_scaled
11:40:18: GL_EXT_texture_compression_s3tc
11:40:18: GL_EXT_texture_filter_anisotropic
11:40:18: GL_EXT_texture_sRGB_decode
11:40:18: GL_APPLE_client_storage
11:40:18: GL_APPLE_container_object_shareable
11:40:18: GL_APPLE_flush_render
11:40:18: GL_APPLE_rgb_422
11:40:18: GL_APPLE_row_bytes
11:40:18: GL_APPLE_texture_range
11:40:18: GL_NV_texture_barrier
11:40:18: **************************************
11:40:18: ***   OpenGL 3+ Renderer Started   ***
11:40:18: **************************************
11:40:18: Registering ResourceManager for type GpuProgram
11:40:18: GL3+: Using FBOs for rendering to textures
11:40:18: FBO PF_UNKNOWN depth/stencil support: D0S1 D0S4 D0S8 D0S16 D16S0 D16S1 D16S4 D16S8 D16S16 D24S0 D24S1 D24S4 D24S8 D24S16 D32S0 D32S1 D32S4 D32S8 D32S16 D32S0 D32S1 D32S4 D32S8 D32S16 Packed-D24S8 Packed-D32S8 
11:40:18: FBO PF_L8 depth/stencil support: D0S0 D0S1 D0S4 D0S8 D0S16 D16S0 D16S1 D16S4 D16S8 D16S16 D24S0 D24S1 D24S4 D24S8 D24S16 D32S0 D32S1 D32S4 D32S8 D32S16 D32S0 D32S1 D32S4 D32S8 D32S16 Packed-D24S8 Packed-D32S8 
11:40:18: FBO PF_L16 depth/stencil support: D0S0 D0S1 D0S4 D0S8 D0S16 D16S0 D16S1 D16S4 D16S8 D16S16 D24S0 D24S1 D24S4 D24S8 D24S16 D32S0 D32S1 D32S4 D32S8 D32S16 D32S0 D32S1 D32S4 D32S8 D32S16 Packed-D24S8 Packed-D32S8 
11:40:18: FBO PF_BYTE_LA depth/stencil support: D0S0 D0S1 D0S4 D0S8 D0S16 D16S0 D16S1 D16S4 D16S8 D16S16 D24S0 D24S1 D24S4 D24S8 D24S16 D32S0 D32S1 D32S4 D32S8 D32S16 D32S0 D32S1 D32S4 D32S8 D32S16 Packed-D24S8 Packed-D32S8 
11:40:18: FBO PF_R5G6B5 depth/stencil support: D0S0 D0S1 D0S4 D0S8 D0S16 D16S0 D16S1 D16S4 D16S8 D16S16 D24S0 D24S1 D24S4 D24S8 D24S16 D32S0 D32S1 D32S4 D32S8 D32S16 D32S0 D32S1 D32S4 D32S8 D32S16 Packed-D24S8 Packed-D32S8 
11:40:18: FBO PF_A4R4G4B4 depth/stencil support: D0S0 D0S1 D0S4 D0S8 D0S16 D16S0 D16S1 D16S4 D16S8 D16S16 D24S0 D24S1 D24S4 D24S8 D24S16 D32S0 D32S1 D32S4 D32S8 D32S16 D32S0 D32S1 D32S4 D32S8 D32S16 Packed-D24S8 Packed-D32S8 
11:40:18: FBO PF_A1R5G5B5 depth/stencil support: D0S0 D0S1 D0S4 D0S8 D0S16 D16S0 D16S1 D16S4 D16S8 D16S16 D24S0 D24S1 D24S4 D24S8 D24S16 D32S0 D32S1 D32S4 D32S8 D32S16 D32S0 D32S1 D32S4 D32S8 D32S16 Packed-D24S8 Packed-D32S8 
11:40:18: FBO PF_R8G8B8 depth/stencil support: D0S0 D0S1 D0S4 D0S8 D0S16 D16S0 D16S1 D16S4 D16S8 D16S16 D24S0 D24S1 D24S4 D24S8 D24S16 D32S0 D32S1 D32S4 D32S8 D32S16 D32S0 D32S1 D32S4 D32S8 D32S16 Packed-D24S8 Packed-D32S8 
11:40:18: FBO PF_B8G8R8 depth/stencil support: D0S0 D0S1 D0S4 D0S8 D0S16 D16S0 D16S1 D16S4 D16S8 D16S16 D24S0 D24S1 D24S4 D24S8 D24S16 D32S0 D32S1 D32S4 D32S8 D32S16 D32S0 D32S1 D32S4 D32S8 D32S16 Packed-D24S8 Packed-D32S8 
11:40:18: FBO PF_A8R8G8B8 depth/stencil support: D0S0 D0S1 D0S4 D0S8 D0S16 D16S0 D16S1 D16S4 D16S8 D16S16 D24S0 D24S1 D24S4 D24S8 D24S16 D32S0 D32S1 D32S4 D32S8 D32S16 D32S0 D32S1 D32S4 D32S8 D32S16 Packed-D24S8 Packed-D32S8 
11:40:18: FBO PF_A8B8G8R8 depth/stencil support: D0S0 D0S1 D0S4 D0S8 D0S16 D16S0 D16S1 D16S4 D16S8 D16S16 D24S0 D24S1 D24S4 D24S8 D24S16 D32S0 D32S1 D32S4 D32S8 D32S16 D32S0 D32S1 D32S4 D32S8 D32S16 Packed-D24S8 Packed-D32S8 
11:40:18: FBO PF_B8G8R8A8 depth/stencil support: D0S0 D0S1 D0S4 D0S8 D0S16 D16S0 D16S1 D16S4 D16S8 D16S16 D24S0 D24S1 D24S4 D24S8 D24S16 D32S0 D32S1 D32S4 D32S8 D32S16 D32S0 D32S1 D32S4 D32S8 D32S16 Packed-D24S8 Packed-D32S8 
11:40:18: FBO PF_A2R10G10B10 depth/stencil support: D0S0 D0S1 D0S4 D0S8 D0S16 D16S0 D16S1 D16S4 D16S8 D16S16 D24S0 D24S1 D24S4 D24S8 D24S16 D32S0 D32S1 D32S4 D32S8 D32S16 D32S0 D32S1 D32S4 D32S8 D32S16 Packed-D24S8 Packed-D32S8 
11:40:18: FBO PF_A2B10G10R10 depth/stencil support: D0S0 D0S1 D0S4 D0S8 D0S16 D16S0 D16S1 D16S4 D16S8 D16S16 D24S0 D24S1 D24S4 D24S8 D24S16 D32S0 D32S1 D32S4 D32S8 D32S16 D32S0 D32S1 D32S4 D32S8 D32S16 Packed-D24S8 Packed-D32S8 
11:40:18: FBO PF_FLOAT16_RGB depth/stencil support: D0S0 D0S1 D0S4 D0S8 D0S16 D16S0 D16S1 D16S4 D16S8 D16S16 D24S0 D24S1 D24S4 D24S8 D24S16 D32S0 D32S1 D32S4 D32S8 D32S16 D32S0 D32S1 D32S4 D32S8 D32S16 Packed-D24S8 Packed-D32S8 
11:40:18: FBO PF_FLOAT16_RGBA depth/stencil support: D0S0 D0S1 D0S4 D0S8 D0S16 D16S0 D16S1 D16S4 D16S8 D16S16 D24S0 D24S1 D24S4 D24S8 D24S16 D32S0 D32S1 D32S4 D32S8 D32S16 D32S0 D32S1 D32S4 D32S8 D32S16 Packed-D24S8 Packed-D32S8 
11:40:18: FBO PF_FLOAT32_RGB depth/stencil support: D0S0 D0S1 D0S4 D0S8 D0S16 D16S0 D16S1 D16S4 D16S8 D16S16 D24S0 D24S1 D24S4 D24S8 D24S16 D32S0 D32S1 D32S4 D32S8 D32S16 D32S0 D32S1 D32S4 D32S8 D32S16 Packed-D24S8 Packed-D32S8 
11:40:18: FBO PF_FLOAT32_RGBA depth/stencil support: D0S0 D0S1 D0S4 D0S8 D0S16 D16S0 D16S1 D16S4 D16S8 D16S16 D24S0 D24S1 D24S4 D24S8 D24S16 D32S0 D32S1 D32S4 D32S8 D32S16 D32S0 D32S1 D32S4 D32S8 D32S16 Packed-D24S8 Packed-D32S8 
11:40:18: FBO PF_X8R8G8B8 depth/stencil support: D0S0 D0S1 D0S4 D0S8 D0S16 D16S0 D16S1 D16S4 D16S8 D16S16 D24S0 D24S1 D24S4 D24S8 D24S16 D32S0 D32S1 D32S4 D32S8 D32S16 D32S0 D32S1 D32S4 D32S8 D32S16 Packed-D24S8 Packed-D32S8 
11:40:18: FBO PF_X8B8G8R8 depth/stencil support: D0S0 D0S1 D0S4 D0S8 D0S16 D16S0 D16S1 D16S4 D16S8 D16S16 D24S0 D24S1 D24S4 D24S8 D24S16 D32S0 D32S1 D32S4 D32S8 D32S16 D32S0 D32S1 D32S4 D32S8 D32S16 Packed-D24S8 Packed-D32S8 
11:40:18: FBO PF_R8G8B8A8 depth/stencil support: D0S0 D0S1 D0S4 D0S8 D0S16 D16S0 D16S1 D16S4 D16S8 D16S16 D24S0 D24S1 D24S4 D24S8 D24S16 D32S0 D32S1 D32S4 D32S8 D32S16 D32S0 D32S1 D32S4 D32S8 D32S16 Packed-D24S8 Packed-D32S8 
11:40:18: FBO PF_DEPTH depth/stencil support: D0S0 D0S1 D0S4 D0S8 D0S16 D16S0 D16S1 D16S4 D16S8 D16S16 D24S0 D24S1 D24S4 D24S8 D24S16 D32S0 D32S1 D32S4 D32S8 D32S16 D32S0 D32S1 D32S4 D32S8 D32S16 Packed-D24S8 Packed-D32S8 
11:40:18: FBO PF_SHORT_RGBA depth/stencil support: D0S0 D0S1 D0S4 D0S8 D0S16 D16S0 D16S1 D16S4 D16S8 D16S16 D24S0 D24S1 D24S4 D24S8 D24S16 D32S0 D32S1 D32S4 D32S8 D32S16 D32S0 D32S1 D32S4 D32S8 D32S16 Packed-D24S8 Packed-D32S8 
11:40:18: FBO PF_R3G3B2 depth/stencil support: D0S0 D0S1 D0S4 D0S8 D0S16 D16S0 D16S1 D16S4 D16S8 D16S16 D24S0 D24S1 D24S4 D24S8 D24S16 D32S0 D32S1 D32S4 D32S8 D32S16 D32S0 D32S1 D32S4 D32S8 D32S16 Packed-D24S8 Packed-D32S8 
11:40:18: FBO PF_FLOAT16_R depth/stencil support: D0S0 D0S1 D0S4 D0S8 D0S16 D16S0 D16S1 D16S4 D16S8 D16S16 D24S0 D24S1 D24S4 D24S8 D24S16 D32S0 D32S1 D32S4 D32S8 D32S16 D32S0 D32S1 D32S4 D32S8 D32S16 Packed-D24S8 Packed-D32S8 
11:40:18: FBO PF_FLOAT32_R depth/stencil support: D0S0 D0S1 D0S4 D0S8 D0S16 D16S0 D16S1 D16S4 D16S8 D16S16 D24S0 D24S1 D24S4 D24S8 D24S16 D32S0 D32S1 D32S4 D32S8 D32S16 D32S0 D32S1 D32S4 D32S8 D32S16 Packed-D24S8 Packed-D32S8 
11:40:18: FBO PF_SHORT_GR depth/stencil support: D0S0 D0S1 D0S4 D0S8 D0S16 D16S0 D16S1 D16S4 D16S8 D16S16 D24S0 D24S1 D24S4 D24S8 D24S16 D32S0 D32S1 D32S4 D32S8 D32S16 D32S0 D32S1 D32S4 D32S8 D32S16 Packed-D24S8 Packed-D32S8 
11:40:18: FBO PF_FLOAT16_GR depth/stencil support: D0S0 D0S1 D0S4 D0S8 D0S16 D16S0 D16S1 D16S4 D16S8 D16S16 D24S0 D24S1 D24S4 D24S8 D24S16 D32S0 D32S1 D32S4 D32S8 D32S16 D32S0 D32S1 D32S4 D32S8 D32S16 Packed-D24S8 Packed-D32S8 
11:40:18: FBO PF_FLOAT32_GR depth/stencil support: D0S0 D0S1 D0S4 D0S8 D0S16 D16S0 D16S1 D16S4 D16S8 D16S16 D24S0 D24S1 D24S4 D24S8 D24S16 D32S0 D32S1 D32S4 D32S8 D32S16 D32S0 D32S1 D32S4 D32S8 D32S16 Packed-D24S8 Packed-D32S8 
11:40:18: FBO PF_SHORT_RGB depth/stencil support: D0S0 D0S1 D0S4 D0S8 D0S16 D16S0 D16S1 D16S4 D16S8 D16S16 D24S0 D24S1 D24S4 D24S8 D24S16 D32S0 D32S1 D32S4 D32S8 D32S16 D32S0 D32S1 D32S4 D32S8 D32S16 Packed-D24S8 Packed-D32S8 
11:40:18: FBO PF_R11G11B10_FLOAT depth/stencil support: D0S0 D0S1 D0S4 D0S8 D0S16 D16S0 D16S1 D16S4 D16S8 D16S16 D24S0 D24S1 D24S4 D24S8 D24S16 D32S0 D32S1 D32S4 D32S8 D32S16 D32S0 D32S1 D32S4 D32S8 D32S16 Packed-D24S8 Packed-D32S8 
11:40:18: FBO PF_R8_UINT depth/stencil support: D0S0 D0S1 D0S4 D0S8 D0S16 D16S0 D16S1 D16S4 D16S8 D16S16 D24S0 D24S1 D24S4 D24S8 D24S16 D32S0 D32S1 D32S4 D32S8 D32S16 D32S0 D32S1 D32S4 D32S8 D32S16 Packed-D24S8 Packed-D32S8 
11:40:18: FBO PF_R8G8_UINT depth/stencil support: D0S0 D0S1 D0S4 D0S8 D0S16 D16S0 D16S1 D16S4 D16S8 D16S16 D24S0 D24S1 D24S4 D24S8 D24S16 D32S0 D32S1 D32S4 D32S8 D32S16 D32S0 D32S1 D32S4 D32S8 D32S16 Packed-D24S8 Packed-D32S8 
11:40:18: FBO PF_R8G8B8_UINT depth/stencil support: D0S0 D0S1 D0S4 D0S8 D0S16 D16S0 D16S1 D16S4 D16S8 D16S16 D24S0 D24S1 D24S4 D24S8 D24S16 D32S0 D32S1 D32S4 D32S8 D32S16 D32S0 D32S1 D32S4 D32S8 D32S16 Packed-D24S8 Packed-D32S8 
11:40:18: FBO PF_R8G8B8A8_UINT depth/stencil support: D0S0 D0S1 D0S4 D0S8 D0S16 D16S0 D16S1 D16S4 D16S8 D16S16 D24S0 D24S1 D24S4 D24S8 D24S16 D32S0 D32S1 D32S4 D32S8 D32S16 D32S0 D32S1 D32S4 D32S8 D32S16 Packed-D24S8 Packed-D32S8 
11:40:18: FBO PF_R16_UINT depth/stencil support: D0S0 D0S1 D0S4 D0S8 D0S16 D16S0 D16S1 D16S4 D16S8 D16S16 D24S0 D24S1 D24S4 D24S8 D24S16 D32S0 D32S1 D32S4 D32S8 D32S16 D32S0 D32S1 D32S4 D32S8 D32S16 Packed-D24S8 Packed-D32S8 
11:40:18: FBO PF_R16G16_UINT depth/stencil support: D0S0 D0S1 D0S4 D0S8 D0S16 D16S0 D16S1 D16S4 D16S8 D16S16 D24S0 D24S1 D24S4 D24S8 D24S16 D32S0 D32S1 D32S4 D32S8 D32S16 D32S0 D32S1 D32S4 D32S8 D32S16 Packed-D24S8 Packed-D32S8 
11:40:18: FBO PF_R16G16B16_UINT depth/stencil support: D0S0 D0S1 D0S4 D0S8 D0S16 D16S0 D16S1 D16S4 D16S8 D16S16 D24S0 D24S1 D24S4 D24S8 D24S16 D32S0 D32S1 D32S4 D32S8 D32S16 D32S0 D32S1 D32S4 D32S8 D32S16 Packed-D24S8 Packed-D32S8 
11:40:18: FBO PF_R16G16B16A16_UINT depth/stencil support: D0S0 D0S1 D0S4 D0S8 D0S16 D16S0 D16S1 D16S4 D16S8 D16S16 D24S0 D24S1 D24S4 D24S8 D24S16 D32S0 D32S1 D32S4 D32S8 D32S16 D32S0 D32S1 D32S4 D32S8 D32S16 Packed-D24S8 Packed-D32S8 
11:40:18: FBO PF_R32_UINT depth/stencil support: D0S0 D0S1 D0S4 D0S8 D0S16 D16S0 D16S1 D16S4 D16S8 D16S16 D24S0 D24S1 D24S4 D24S8 D24S16 D32S0 D32S1 D32S4 D32S8 D32S16 D32S0 D32S1 D32S4 D32S8 D32S16 Packed-D24S8 Packed-D32S8 
11:40:18: FBO PF_R32G32_UINT depth/stencil support: D0S0 D0S1 D0S4 D0S8 D0S16 D16S0 D16S1 D16S4 D16S8 D16S16 D24S0 D24S1 D24S4 D24S8 D24S16 D32S0 D32S1 D32S4 D32S8 D32S16 D32S0 D32S1 D32S4 D32S8 D32S16 Packed-D24S8 Packed-D32S8 
11:40:18: FBO PF_R32G32B32_UINT depth/stencil support: D0S0 D0S1 D0S4 D0S8 D0S16 D16S0 D16S1 D16S4 D16S8 D16S16 D24S0 D24S1 D24S4 D24S8 D24S16 D32S0 D32S1 D32S4 D32S8 D32S16 D32S0 D32S1 D32S4 D32S8 D32S16 Packed-D24S8 Packed-D32S8 
11:40:18: FBO PF_R32G32B32A32_UINT depth/stencil support: D0S0 D0S1 D0S4 D0S8 D0S16 D16S0 D16S1 D16S4 D16S8 D16S16 D24S0 D24S1 D24S4 D24S8 D24S16 D32S0 D32S1 D32S4 D32S8 D32S16 D32S0 D32S1 D32S4 D32S8 D32S16 Packed-D24S8 Packed-D32S8 
11:40:18: FBO PF_R8_SINT depth/stencil support: D0S0 D0S1 D0S4 D0S8 D0S16 D16S0 D16S1 D16S4 D16S8 D16S16 D24S0 D24S1 D24S4 D24S8 D24S16 D32S0 D32S1 D32S4 D32S8 D32S16 D32S0 D32S1 D32S4 D32S8 D32S16 Packed-D24S8 Packed-D32S8 
11:40:18: FBO PF_R8G8_SINT depth/stencil support: D0S0 D0S1 D0S4 D0S8 D0S16 D16S0 D16S1 D16S4 D16S8 D16S16 D24S0 D24S1 D24S4 D24S8 D24S16 D32S0 D32S1 D32S4 D32S8 D32S16 D32S0 D32S1 D32S4 D32S8 D32S16 Packed-D24S8 Packed-D32S8 
11:40:18: FBO PF_R8G8B8_SINT depth/stencil support: D0S0 D0S1 D0S4 D0S8 D0S16 D16S0 D16S1 D16S4 D16S8 D16S16 D24S0 D24S1 D24S4 D24S8 D24S16 D32S0 D32S1 D32S4 D32S8 D32S16 D32S0 D32S1 D32S4 D32S8 D32S16 Packed-D24S8 Packed-D32S8 
11:40:18: FBO PF_R8G8B8A8_SINT depth/stencil support: D0S0 D0S1 D0S4 D0S8 D0S16 D16S0 D16S1 D16S4 D16S8 D16S16 D24S0 D24S1 D24S4 D24S8 D24S16 D32S0 D32S1 D32S4 D32S8 D32S16 D32S0 D32S1 D32S4 D32S8 D32S16 Packed-D24S8 Packed-D32S8 
11:40:18: FBO PF_R16_SINT depth/stencil support: D0S0 D0S1 D0S4 D0S8 D0S16 D16S0 D16S1 D16S4 D16S8 D16S16 D24S0 D24S1 D24S4 D24S8 D24S16 D32S0 D32S1 D32S4 D32S8 D32S16 D32S0 D32S1 D32S4 D32S8 D32S16 Packed-D24S8 Packed-D32S8 
11:40:18: FBO PF_R16G16_SINT depth/stencil support: D0S0 D0S1 D0S4 D0S8 D0S16 D16S0 D16S1 D16S4 D16S8 D16S16 D24S0 D24S1 D24S4 D24S8 D24S16 D32S0 D32S1 D32S4 D32S8 D32S16 D32S0 D32S1 D32S4 D32S8 D32S16 Packed-D24S8 Packed-D32S8 
11:40:18: FBO PF_R16G16B16_SINT depth/stencil support: D0S0 D0S1 D0S4 D0S8 D0S16 D16S0 D16S1 D16S4 D16S8 D16S16 D24S0 D24S1 D24S4 D24S8 D24S16 D32S0 D32S1 D32S4 D32S8 D32S16 D32S0 D32S1 D32S4 D32S8 D32S16 Packed-D24S8 Packed-D32S8 
11:40:18: FBO PF_R16G16B16A16_SINT depth/stencil support: D0S0 D0S1 D0S4 D0S8 D0S16 D16S0 D16S1 D16S4 D16S8 D16S16 D24S0 D24S1 D24S4 D24S8 D24S16 D32S0 D32S1 D32S4 D32S8 D32S16 D32S0 D32S1 D32S4 D32S8 D32S16 Packed-D24S8 Packed-D32S8 
11:40:18: FBO PF_R32_SINT depth/stencil support: D0S0 D0S1 D0S4 D0S8 D0S16 D16S0 D16S1 D16S4 D16S8 D16S16 D24S0 D24S1 D24S4 D24S8 D24S16 D32S0 D32S1 D32S4 D32S8 D32S16 D32S0 D32S1 D32S4 D32S8 D32S16 Packed-D24S8 Packed-D32S8 
11:40:18: FBO PF_R32G32_SINT depth/stencil support: D0S0 D0S1 D0S4 D0S8 D0S16 D16S0 D16S1 D16S4 D16S8 D16S16 D24S0 D24S1 D24S4 D24S8 D24S16 D32S0 D32S1 D32S4 D32S8 D32S16 D32S0 D32S1 D32S4 D32S8 D32S16 Packed-D24S8 Packed-D32S8 
11:40:18: FBO PF_R32G32B32_SINT depth/stencil support: D0S0 D0S1 D0S4 D0S8 D0S16 D16S0 D16S1 D16S4 D16S8 D16S16 D24S0 D24S1 D24S4 D24S8 D24S16 D32S0 D32S1 D32S4 D32S8 D32S16 D32S0 D32S1 D32S4 D32S8 D32S16 Packed-D24S8 Packed-D32S8 
11:40:18: FBO PF_R32G32B32A32_SINT depth/stencil support: D0S0 D0S1 D0S4 D0S8 D0S16 D16S0 D16S1 D16S4 D16S8 D16S16 D24S0 D24S1 D24S4 D24S8 D24S16 D32S0 D32S1 D32S4 D32S8 D32S16 D32S0 D32S1 D32S4 D32S8 D32S16 Packed-D24S8 Packed-D32S8 
11:40:18: [GL] : Valid FBO targets PF_UNKNOWN PF_L8 PF_L16 PF_BYTE_LA PF_R5G6B5 PF_A4R4G4B4 PF_A1R5G5B5 PF_R8G8B8 PF_B8G8R8 PF_A8R8G8B8 PF_A8B8G8R8 PF_B8G8R8A8 PF_A2R10G10B10 PF_A2B10G10R10 PF_FLOAT16_RGB PF_FLOAT16_RGBA PF_FLOAT32_RGB PF_FLOAT32_RGBA PF_X8R8G8B8 PF_X8B8G8R8 PF_R8G8B8A8 PF_DEPTH PF_SHORT_RGBA PF_R3G3B2 PF_FLOAT16_R PF_FLOAT32_R PF_SHORT_GR PF_FLOAT16_GR PF_FLOAT32_GR PF_SHORT_RGB PF_R11G11B10_FLOAT PF_R8_UINT PF_R8G8_UINT PF_R8G8B8_UINT PF_R8G8B8A8_UINT PF_R16_UINT PF_R16G16_UINT PF_R16G16B16_UINT PF_R16G16B16A16_UINT PF_R32_UINT PF_R32G32_UINT PF_R32G32B32_UINT PF_R32G32B32A32_UINT PF_R8_SINT PF_R8G8_SINT PF_R8G8B8_SINT PF_R8G8B8A8_SINT PF_R16_SINT PF_R16G16_SINT PF_R16G16B16_SINT PF_R16G16B16A16_SINT PF_R32_SINT PF_R32G32_SINT PF_R32G32B32_SINT PF_R32G32B32A32_SINT 
11:40:18: RenderSystem capabilities
11:40:18: -------------------------
11:40:18: RenderSystem Name: OpenGL 3+ Rendering Subsystem
11:40:18: GPU Vendor: apple
11:40:18: Device Name: Apple M1 Pro
11:40:18: Driver Version: 4.1.0.0
11:40:18:  * Fixed function pipeline: no
11:40:18:  * Anisotropic texture filtering: yes
11:40:18:  * Cube mapping: yes
11:40:18:  * Hardware stencil buffer: yes
11:40:18:    - Stencil depth: 8
11:40:18:    - Two sided stencil support: yes
11:40:18:    - Wrap stencil values: yes
11:40:18:  * 32-bit index buffers: yes
11:40:18:  * Vertex programs: yes
11:40:18:  * Number of floating-point constants for vertex programs: 4096
11:40:18:  * Number of integer constants for vertex programs: 4096
11:40:18:  * Number of boolean constants for vertex programs: 4096
11:40:18:  * Fragment programs: yes
11:40:18:  * Number of floating-point constants for fragment programs: 4096
11:40:18:  * Number of integer constants for fragment programs: 4096
11:40:18:  * Number of boolean constants for fragment programs: 4096
11:40:18:  * Geometry programs: yes
11:40:18:  * Number of floating-point constants for geometry programs: 4096
11:40:18:  * Number of integer constants for geometry programs: 4096
11:40:18:  * Number of boolean constants for geometry programs: 4096
11:40:18:  * Tessellation Hull programs: yes
11:40:18:  * Number of floating-point constants for tessellation hull programs: 4096
11:40:18:  * Number of integer constants for tessellation hull programs: 4096
11:40:18:  * Number of boolean constants for tessellation hull programs: 4096
11:40:18:  * Tessellation Domain programs: yes
11:40:18:  * Number of floating-point constants for tessellation domain programs: 4096
11:40:18:  * Number of integer constants for tessellation domain programs: 4096
11:40:18:  * Number of boolean constants for tessellation domain programs: 4096
11:40:18:  * Compute programs: no
11:40:18:  * Number of floating-point constants for compute programs: 0
11:40:18:  * Number of integer constants for compute programs: 0
11:40:18:  * Number of boolean constants for compute programs: 0
11:40:18:  * Supported Shader Profiles: glsl glsl130 glsl140 glsl150 glsl330 glsl400 glsl410
11:40:18:  * Texture Compression: yes
11:40:18:    - DXT: yes
11:40:18:    - VTC: no
11:40:18:    - PVRTC: no
11:40:18:    - ATC: no
11:40:18:    - ETC1: no
11:40:18:    - ETC2: no
11:40:18:    - BC4/BC5: yes
11:40:18:    - BC6H/BC7: no
11:40:18:  * Hardware Occlusion Query: yes
11:40:18:  * User clip planes: yes
11:40:18:  * VET_UBYTE4 vertex element type: yes
11:40:18:  * Infinite far plane projection: yes
11:40:18:  * Hardware render-to-texture: yes
11:40:18:  * Floating point textures: yes
11:40:18:  * Non-power-of-two textures: yes
11:40:18:  * 1d textures: yes
11:40:18:  * Volume textures: yes
11:40:18:  * Multiple Render Targets: 8
11:40:18:    - With different bit depths: yes
11:40:18:  * Point Sprites: yes
11:40:18:  * Hardware Gamma: yes
11:40:18:  * Extended point parameters: yes
11:40:18:  * Max Point Size: 64
11:40:18:  * Vertex texture fetch: yes
11:40:18:  * Number of world matrices: 0
11:40:18:  * Number of texture units: 16
11:40:18:  * Stencil buffer depth: 8
11:40:18:  * Number of vertex blend matrices: 0
11:40:18:    - Max vertex textures: 16
11:40:18:    - Vertex textures shared: yes
11:40:18:  * Render to Vertex Buffer : yes
11:40:18:  * Hardware Atomic Counters: no
11:40:18:  * PBuffer support: no
11:40:18:  * Vertex Array Objects: yes
11:40:18:  * Separate shader objects: no
11:40:18: Registering ResourceManager for type Texture
11:40:18: DefaultWorkQueue('Root') initialising on thread main.
11:40:18: Particle Renderer Type 'billboard' registered
11:40:18: Parsing scripts for resource group Autodetect
11:40:18: Finished parsing scripts for resource group Autodetect
11:40:18: Creating resources for group Autodetect
11:40:18: All done
11:40:18: Parsing scripts for resource group General
11:40:18: Parsing script HelloMine3D.program
11:40:18: Parsing script HelloMine3D.material
11:40:18: Parsing script HelloMine3D.compositor
11:40:18: Finished parsing scripts for resource group General
11:40:18: Creating resources for group General
11:40:18: All done
11:40:18: Parsing scripts for resource group Internal
11:40:18: Finished parsing scripts for resource group Internal
11:40:18: Creating resources for group Internal
11:40:18: All done
11:40:18: Texture: DefaultPack.png: Loading 1 faces(PF_A8R8G8B8,256x256x1) with 8 hardware generated mipmaps from Image. Internal format is PF_A8R8G8B8,256x256x1.
