12:31:08: Creating resource group General
12:31:08: Creating resource group Internal
12:31:08: Creating resource group Autodetect
12:31:08: SceneManagerFactory for type 'DefaultSceneManager' registered.
12:31:08: Registering ResourceManager for type Material
12:31:08: Registering ResourceManager for type Mesh
12:31:08: Registering ResourceManager for type Skeleton
12:31:08: MovableObjectFactory for type 'ParticleSystem' registered.
12:31:08: ArchiveFactory for archive type FileSystem registered.
12:31:08: ArchiveFactory for archive type Zip registered.
12:31:08: ArchiveFactory for archive type EmbeddedZip registered.
12:31:08: DDS codec registering
12:31:08: FreeImage version: 3.15.4
12:31:08: This program uses FreeImage, a free, open source image library supporting all common bitmap formats. See http://freeimage.sourceforge.net for details
12:31:08: Supported formats: bmp,ico,jpg,jif,jpeg,jpe,jng,koa,iff,lbm,mng,pbm,pbm,pcd,pcx,pgm,pgm,png,ppm,ppm,ras,tga,targa,tif,tiff,wap,wbmp,wbm,psd,cut,xbm,xpm,gif,hdr,g3,sgi,exr,j2k,j2c,jp2,pfm,pct,pict,pic,3fr,arw,bay,bmq,cap,cine,cr2,crw,cs1,dc2,dcr,drf,dsc,dng,erf,fff,ia,iiq,k25,kc2,kdc,mdc,mef,mos,mrw,nef,nrw,orf,pef,ptx,pxn,qtk,raf,raw,rdc,rw2,rwl,rwz,sr2,srf,srw,sti
12:31:08: Registering ResourceManager for type HighLevelGpuProgram
12:31:08: Registering ResourceManager for type Compositor
12:31:08: MovableObjectFactory for type 'Entity' registered.
12:31:08: MovableObjectFactory for type 'Light' registered.
12:31:08: MovableObjectFactory for type 'BillboardSet' registered.
12:31:08: MovableObjectFactory for type 'ManualObject' registered.
12:31:08: MovableObjectFactory for type 'BillboardChain' registered.
12:31:08: MovableObjectFactory for type 'RibbonTrail' registered.
12:31:08: *-*-* OGRE Initialising
12:31:08: *-*-* Version 1.10.0git (Xalafu)
12:31:08: Installing plugin: GL 3+ RenderSystem
12:31:08: OpenGL 3+ Rendering Subsystem created.
12:31:09: Plugin successfully installed
12:31:09: Added resource location '/private/tmp/hm3d-independent-ai01-6916867/HelloMine3D-6916867.app/Contents/Resources/media/ogre' of type 'FileSystem' to resource group 'General' with recursive option
12:31:09: Added resource location '/private/tmp/hm3d-independent-ai01-6916867/HelloMine3D-6916867.app/Contents/Resources/media/textures' of type 'FileSystem' to resource group 'General' with recursive option
12:31:09: CPU Identifier & Features
12:31:09: -------------------------
12:31:09:  *   CPU ID: GenuineIntel: VirtualApple @ 2.50GHz
12:31:09:  *          SSE: yes
12:31:09:  *         SSE2: yes
12:31:09:  *         SSE3: yes
12:31:09:  *        SSE41: yes
12:31:09:  *        SSE42: yes
12:31:09:  *          MMX: yes
12:31:09:  *       MMXEXT: yes
12:31:09:  *        3DNOW: no
12:31:09:  *     3DNOWEXT: no
12:31:09:  *         CMOV: yes
12:31:09:  *          TSC: yes
12:31:09:  *INVARIANT TSC: yes
12:31:09:  *          FPU: yes
12:31:09:  *          PRO: yes
12:31:09:  *           HT: no
12:31:09: -------------------------
12:31:09: ********************************************
***  Starting Mac OS X OpenGL Subsystem  ***
********************************************
12:31:09: GL3PlusRenderSystem::_createRenderWindow "HelloMine3D", 1280x720 windowed  miscParams: FSAA=0 contentScalingFactor=2 contextProfile=1 gamma=No hidden=No macAPI=cocoa title=HelloMine3D vsync=Yes 
12:31:09: Creating a Cocoa Compatible Render System
12:31:09: Cocoa: Window created 1280 x 720 with backing store size 2560 x 1440 using content scaling factor 2.0
12:31:09: GL_VERSION = 4.1.0.0
12:31:09: GL_VENDOR = Apple
12:31:09: GL_RENDERER = Apple M1 Pro
12:31:09: GL_EXTENSIONS = 
12:31:09: GL_ARB_blend_func_extended
12:31:09: GL_ARB_draw_buffers_blend
12:31:09: GL_ARB_draw_indirect
12:31:09: GL_ARB_ES2_compatibility
12:31:09: GL_ARB_explicit_attrib_location
12:31:09: GL_ARB_gpu_shader_fp64
12:31:09: GL_ARB_gpu_shader5
12:31:09: GL_ARB_instanced_arrays
12:31:09: GL_ARB_internalformat_query
12:31:09: GL_ARB_occlusion_query2
12:31:09: GL_ARB_sample_shading
12:31:09: GL_ARB_sampler_objects
12:31:09: GL_ARB_separate_shader_objects
12:31:09: GL_ARB_shader_bit_encoding
12:31:09: GL_ARB_shader_subroutine
12:31:09: GL_ARB_shading_language_include
12:31:09: GL_ARB_tessellation_shader
12:31:09: GL_ARB_texture_buffer_object_rgb32
12:31:09: GL_ARB_texture_cube_map_array
12:31:09: GL_ARB_texture_gather
12:31:09: GL_ARB_texture_query_lod
12:31:09: GL_ARB_texture_rgb10_a2ui
12:31:09: GL_ARB_texture_storage
12:31:09: GL_ARB_texture_swizzle
12:31:09: GL_ARB_timer_query
12:31:09: GL_ARB_transform_feedback2
12:31:09: GL_ARB_transform_feedback3
12:31:09: GL_ARB_vertex_attrib_64bit
12:31:09: GL_ARB_vertex_type_2_10_10_10_rev
12:31:09: GL_ARB_viewport_array
12:31:09: GL_EXT_debug_label
12:31:09: GL_EXT_debug_marker
12:31:09: GL_EXT_framebuffer_multisample_blit_scaled
12:31:09: GL_EXT_texture_compression_s3tc
12:31:09: GL_EXT_texture_filter_anisotropic
12:31:09: GL_EXT_texture_sRGB_decode
12:31:09: GL_APPLE_client_storage
12:31:09: GL_APPLE_container_object_shareable
12:31:09: GL_APPLE_flush_render
12:31:09: GL_APPLE_rgb_422
12:31:09: GL_APPLE_row_bytes
12:31:09: GL_APPLE_texture_range
12:31:09: GL_NV_texture_barrier
12:31:09: **************************************
12:31:09: ***   OpenGL 3+ Renderer Started   ***
12:31:09: **************************************
12:31:09: Registering ResourceManager for type GpuProgram
12:31:09: GL3+: Using FBOs for rendering to textures
12:31:09: FBO PF_UNKNOWN depth/stencil support: D0S1 D0S4 D0S8 D0S16 D16S0 D16S1 D16S4 D16S8 D16S16 D24S0 D24S1 D24S4 D24S8 D24S16 D32S0 D32S1 D32S4 D32S8 D32S16 D32S0 D32S1 D32S4 D32S8 D32S16 Packed-D24S8 Packed-D32S8 
12:31:09: FBO PF_L8 depth/stencil support: D0S0 D0S1 D0S4 D0S8 D0S16 D16S0 D16S1 D16S4 D16S8 D16S16 D24S0 D24S1 D24S4 D24S8 D24S16 D32S0 D32S1 D32S4 D32S8 D32S16 D32S0 D32S1 D32S4 D32S8 D32S16 Packed-D24S8 Packed-D32S8 
12:31:09: FBO PF_L16 depth/stencil support: D0S0 D0S1 D0S4 D0S8 D0S16 D16S0 D16S1 D16S4 D16S8 D16S16 D24S0 D24S1 D24S4 D24S8 D24S16 D32S0 D32S1 D32S4 D32S8 D32S16 D32S0 D32S1 D32S4 D32S8 D32S16 Packed-D24S8 Packed-D32S8 
12:31:09: FBO PF_BYTE_LA depth/stencil support: D0S0 D0S1 D0S4 D0S8 D0S16 D16S0 D16S1 D16S4 D16S8 D16S16 D24S0 D24S1 D24S4 D24S8 D24S16 D32S0 D32S1 D32S4 D32S8 D32S16 D32S0 D32S1 D32S4 D32S8 D32S16 Packed-D24S8 Packed-D32S8 
12:31:09: FBO PF_R5G6B5 depth/stencil support: D0S0 D0S1 D0S4 D0S8 D0S16 D16S0 D16S1 D16S4 D16S8 D16S16 D24S0 D24S1 D24S4 D24S8 D24S16 D32S0 D32S1 D32S4 D32S8 D32S16 D32S0 D32S1 D32S4 D32S8 D32S16 Packed-D24S8 Packed-D32S8 
12:31:09: FBO PF_A4R4G4B4 depth/stencil support: D0S0 D0S1 D0S4 D0S8 D0S16 D16S0 D16S1 D16S4 D16S8 D16S16 D24S0 D24S1 D24S4 D24S8 D24S16 D32S0 D32S1 D32S4 D32S8 D32S16 D32S0 D32S1 D32S4 D32S8 D32S16 Packed-D24S8 Packed-D32S8 
12:31:09: FBO PF_A1R5G5B5 depth/stencil support: D0S0 D0S1 D0S4 D0S8 D0S16 D16S0 D16S1 D16S4 D16S8 D16S16 D24S0 D24S1 D24S4 D24S8 D24S16 D32S0 D32S1 D32S4 D32S8 D32S16 D32S0 D32S1 D32S4 D32S8 D32S16 Packed-D24S8 Packed-D32S8 
12:31:09: FBO PF_R8G8B8 depth/stencil support: D0S0 D0S1 D0S4 D0S8 D0S16 D16S0 D16S1 D16S4 D16S8 D16S16 D24S0 D24S1 D24S4 D24S8 D24S16 D32S0 D32S1 D32S4 D32S8 D32S16 D32S0 D32S1 D32S4 D32S8 D32S16 Packed-D24S8 Packed-D32S8 
12:31:09: FBO PF_B8G8R8 depth/stencil support: D0S0 D0S1 D0S4 D0S8 D0S16 D16S0 D16S1 D16S4 D16S8 D16S16 D24S0 D24S1 D24S4 D24S8 D24S16 D32S0 D32S1 D32S4 D32S8 D32S16 D32S0 D32S1 D32S4 D32S8 D32S16 Packed-D24S8 Packed-D32S8 
12:31:09: FBO PF_A8R8G8B8 depth/stencil support: D0S0 D0S1 D0S4 D0S8 D0S16 D16S0 D16S1 D16S4 D16S8 D16S16 D24S0 D24S1 D24S4 D24S8 D24S16 D32S0 D32S1 D32S4 D32S8 D32S16 D32S0 D32S1 D32S4 D32S8 D32S16 Packed-D24S8 Packed-D32S8 
12:31:09: FBO PF_A8B8G8R8 depth/stencil support: D0S0 D0S1 D0S4 D0S8 D0S16 D16S0 D16S1 D16S4 D16S8 D16S16 D24S0 D24S1 D24S4 D24S8 D24S16 D32S0 D32S1 D32S4 D32S8 D32S16 D32S0 D32S1 D32S4 D32S8 D32S16 Packed-D24S8 Packed-D32S8 
12:31:09: FBO PF_B8G8R8A8 depth/stencil support: D0S0 D0S1 D0S4 D0S8 D0S16 D16S0 D16S1 D16S4 D16S8 D16S16 D24S0 D24S1 D24S4 D24S8 D24S16 D32S0 D32S1 D32S4 D32S8 D32S16 D32S0 D32S1 D32S4 D32S8 D32S16 Packed-D24S8 Packed-D32S8 
12:31:09: FBO PF_A2R10G10B10 depth/stencil support: D0S0 D0S1 D0S4 D0S8 D0S16 D16S0 D16S1 D16S4 D16S8 D16S16 D24S0 D24S1 D24S4 D24S8 D24S16 D32S0 D32S1 D32S4 D32S8 D32S16 D32S0 D32S1 D32S4 D32S8 D32S16 Packed-D24S8 Packed-D32S8 
12:31:09: FBO PF_A2B10G10R10 depth/stencil support: D0S0 D0S1 D0S4 D0S8 D0S16 D16S0 D16S1 D16S4 D16S8 D16S16 D24S0 D24S1 D24S4 D24S8 D24S16 D32S0 D32S1 D32S4 D32S8 D32S16 D32S0 D32S1 D32S4 D32S8 D32S16 Packed-D24S8 Packed-D32S8 
12:31:09: FBO PF_FLOAT16_RGB depth/stencil support: D0S0 D0S1 D0S4 D0S8 D0S16 D16S0 D16S1 D16S4 D16S8 D16S16 D24S0 D24S1 D24S4 D24S8 D24S16 D32S0 D32S1 D32S4 D32S8 D32S16 D32S0 D32S1 D32S4 D32S8 D32S16 Packed-D24S8 Packed-D32S8 
12:31:09: FBO PF_FLOAT16_RGBA depth/stencil support: D0S0 D0S1 D0S4 D0S8 D0S16 D16S0 D16S1 D16S4 D16S8 D16S16 D24S0 D24S1 D24S4 D24S8 D24S16 D32S0 D32S1 D32S4 D32S8 D32S16 D32S0 D32S1 D32S4 D32S8 D32S16 Packed-D24S8 Packed-D32S8 
12:31:09: FBO PF_FLOAT32_RGB depth/stencil support: D0S0 D0S1 D0S4 D0S8 D0S16 D16S0 D16S1 D16S4 D16S8 D16S16 D24S0 D24S1 D24S4 D24S8 D24S16 D32S0 D32S1 D32S4 D32S8 D32S16 D32S0 D32S1 D32S4 D32S8 D32S16 Packed-D24S8 Packed-D32S8 
12:31:09: FBO PF_FLOAT32_RGBA depth/stencil support: D0S0 D0S1 D0S4 D0S8 D0S16 D16S0 D16S1 D16S4 D16S8 D16S16 D24S0 D24S1 D24S4 D24S8 D24S16 D32S0 D32S1 D32S4 D32S8 D32S16 D32S0 D32S1 D32S4 D32S8 D32S16 Packed-D24S8 Packed-D32S8 
12:31:09: FBO PF_X8R8G8B8 depth/stencil support: D0S0 D0S1 D0S4 D0S8 D0S16 D16S0 D16S1 D16S4 D16S8 D16S16 D24S0 D24S1 D24S4 D24S8 D24S16 D32S0 D32S1 D32S4 D32S8 D32S16 D32S0 D32S1 D32S4 D32S8 D32S16 Packed-D24S8 Packed-D32S8 
12:31:09: FBO PF_X8B8G8R8 depth/stencil support: D0S0 D0S1 D0S4 D0S8 D0S16 D16S0 D16S1 D16S4 D16S8 D16S16 D24S0 D24S1 D24S4 D24S8 D24S16 D32S0 D32S1 D32S4 D32S8 D32S16 D32S0 D32S1 D32S4 D32S8 D32S16 Packed-D24S8 Packed-D32S8 
12:31:09: FBO PF_R8G8B8A8 depth/stencil support: D0S0 D0S1 D0S4 D0S8 D0S16 D16S0 D16S1 D16S4 D16S8 D16S16 D24S0 D24S1 D24S4 D24S8 D24S16 D32S0 D32S1 D32S4 D32S8 D32S16 D32S0 D32S1 D32S4 D32S8 D32S16 Packed-D24S8 Packed-D32S8 
12:31:09: FBO PF_DEPTH depth/stencil support: D0S0 D0S1 D0S4 D0S8 D0S16 D16S0 D16S1 D16S4 D16S8 D16S16 D24S0 D24S1 D24S4 D24S8 D24S16 D32S0 D32S1 D32S4 D32S8 D32S16 D32S0 D32S1 D32S4 D32S8 D32S16 Packed-D24S8 Packed-D32S8 
12:31:09: FBO PF_SHORT_RGBA depth/stencil support: D0S0 D0S1 D0S4 D0S8 D0S16 D16S0 D16S1 D16S4 D16S8 D16S16 D24S0 D24S1 D24S4 D24S8 D24S16 D32S0 D32S1 D32S4 D32S8 D32S16 D32S0 D32S1 D32S4 D32S8 D32S16 Packed-D24S8 Packed-D32S8 
12:31:09: FBO PF_R3G3B2 depth/stencil support: D0S0 D0S1 D0S4 D0S8 D0S16 D16S0 D16S1 D16S4 D16S8 D16S16 D24S0 D24S1 D24S4 D24S8 D24S16 D32S0 D32S1 D32S4 D32S8 D32S16 D32S0 D32S1 D32S4 D32S8 D32S16 Packed-D24S8 Packed-D32S8 
12:31:09: FBO PF_FLOAT16_R depth/stencil support: D0S0 D0S1 D0S4 D0S8 D0S16 D16S0 D16S1 D16S4 D16S8 D16S16 D24S0 D24S1 D24S4 D24S8 D24S16 D32S0 D32S1 D32S4 D32S8 D32S16 D32S0 D32S1 D32S4 D32S8 D32S16 Packed-D24S8 Packed-D32S8 
12:31:09: FBO PF_FLOAT32_R depth/stencil support: D0S0 D0S1 D0S4 D0S8 D0S16 D16S0 D16S1 D16S4 D16S8 D16S16 D24S0 D24S1 D24S4 D24S8 D24S16 D32S0 D32S1 D32S4 D32S8 D32S16 D32S0 D32S1 D32S4 D32S8 D32S16 Packed-D24S8 Packed-D32S8 
12:31:09: FBO PF_SHORT_GR depth/stencil support: D0S0 D0S1 D0S4 D0S8 D0S16 D16S0 D16S1 D16S4 D16S8 D16S16 D24S0 D24S1 D24S4 D24S8 D24S16 D32S0 D32S1 D32S4 D32S8 D32S16 D32S0 D32S1 D32S4 D32S8 D32S16 Packed-D24S8 Packed-D32S8 
12:31:09: FBO PF_FLOAT16_GR depth/stencil support: D0S0 D0S1 D0S4 D0S8 D0S16 D16S0 D16S1 D16S4 D16S8 D16S16 D24S0 D24S1 D24S4 D24S8 D24S16 D32S0 D32S1 D32S4 D32S8 D32S16 D32S0 D32S1 D32S4 D32S8 D32S16 Packed-D24S8 Packed-D32S8 
12:31:09: FBO PF_FLOAT32_GR depth/stencil support: D0S0 D0S1 D0S4 D0S8 D0S16 D16S0 D16S1 D16S4 D16S8 D16S16 D24S0 D24S1 D24S4 D24S8 D24S16 D32S0 D32S1 D32S4 D32S8 D32S16 D32S0 D32S1 D32S4 D32S8 D32S16 Packed-D24S8 Packed-D32S8 
12:31:09: FBO PF_SHORT_RGB depth/stencil support: D0S0 D0S1 D0S4 D0S8 D0S16 D16S0 D16S1 D16S4 D16S8 D16S16 D24S0 D24S1 D24S4 D24S8 D24S16 D32S0 D32S1 D32S4 D32S8 D32S16 D32S0 D32S1 D32S4 D32S8 D32S16 Packed-D24S8 Packed-D32S8 
12:31:09: FBO PF_R11G11B10_FLOAT depth/stencil support: D0S0 D0S1 D0S4 D0S8 D0S16 D16S0 D16S1 D16S4 D16S8 D16S16 D24S0 D24S1 D24S4 D24S8 D24S16 D32S0 D32S1 D32S4 D32S8 D32S16 D32S0 D32S1 D32S4 D32S8 D32S16 Packed-D24S8 Packed-D32S8 
12:31:09: FBO PF_R8_UINT depth/stencil support: D0S0 D0S1 D0S4 D0S8 D0S16 D16S0 D16S1 D16S4 D16S8 D16S16 D24S0 D24S1 D24S4 D24S8 D24S16 D32S0 D32S1 D32S4 D32S8 D32S16 D32S0 D32S1 D32S4 D32S8 D32S16 Packed-D24S8 Packed-D32S8 
12:31:09: FBO PF_R8G8_UINT depth/stencil support: D0S0 D0S1 D0S4 D0S8 D0S16 D16S0 D16S1 D16S4 D16S8 D16S16 D24S0 D24S1 D24S4 D24S8 D24S16 D32S0 D32S1 D32S4 D32S8 D32S16 D32S0 D32S1 D32S4 D32S8 D32S16 Packed-D24S8 Packed-D32S8 
12:31:09: FBO PF_R8G8B8_UINT depth/stencil support: D0S0 D0S1 D0S4 D0S8 D0S16 D16S0 D16S1 D16S4 D16S8 D16S16 D24S0 D24S1 D24S4 D24S8 D24S16 D32S0 D32S1 D32S4 D32S8 D32S16 D32S0 D32S1 D32S4 D32S8 D32S16 Packed-D24S8 Packed-D32S8 
12:31:09: FBO PF_R8G8B8A8_UINT depth/stencil support: D0S0 D0S1 D0S4 D0S8 D0S16 D16S0 D16S1 D16S4 D16S8 D16S16 D24S0 D24S1 D24S4 D24S8 D24S16 D32S0 D32S1 D32S4 D32S8 D32S16 D32S0 D32S1 D32S4 D32S8 D32S16 Packed-D24S8 Packed-D32S8 
12:31:09: FBO PF_R16_UINT depth/stencil support: D0S0 D0S1 D0S4 D0S8 D0S16 D16S0 D16S1 D16S4 D16S8 D16S16 D24S0 D24S1 D24S4 D24S8 D24S16 D32S0 D32S1 D32S4 D32S8 D32S16 D32S0 D32S1 D32S4 D32S8 D32S16 Packed-D24S8 Packed-D32S8 
12:31:09: FBO PF_R16G16_UINT depth/stencil support: D0S0 D0S1 D0S4 D0S8 D0S16 D16S0 D16S1 D16S4 D16S8 D16S16 D24S0 D24S1 D24S4 D24S8 D24S16 D32S0 D32S1 D32S4 D32S8 D32S16 D32S0 D32S1 D32S4 D32S8 D32S16 Packed-D24S8 Packed-D32S8 
12:31:09: FBO PF_R16G16B16_UINT depth/stencil support: D0S0 D0S1 D0S4 D0S8 D0S16 D16S0 D16S1 D16S4 D16S8 D16S16 D24S0 D24S1 D24S4 D24S8 D24S16 D32S0 D32S1 D32S4 D32S8 D32S16 D32S0 D32S1 D32S4 D32S8 D32S16 Packed-D24S8 Packed-D32S8 
12:31:09: FBO PF_R16G16B16A16_UINT depth/stencil support: D0S0 D0S1 D0S4 D0S8 D0S16 D16S0 D16S1 D16S4 D16S8 D16S16 D24S0 D24S1 D24S4 D24S8 D24S16 D32S0 D32S1 D32S4 D32S8 D32S16 D32S0 D32S1 D32S4 D32S8 D32S16 Packed-D24S8 Packed-D32S8 
12:31:09: FBO PF_R32_UINT depth/stencil support: D0S0 D0S1 D0S4 D0S8 D0S16 D16S0 D16S1 D16S4 D16S8 D16S16 D24S0 D24S1 D24S4 D24S8 D24S16 D32S0 D32S1 D32S4 D32S8 D32S16 D32S0 D32S1 D32S4 D32S8 D32S16 Packed-D24S8 Packed-D32S8 
12:31:09: FBO PF_R32G32_UINT depth/stencil support: D0S0 D0S1 D0S4 D0S8 D0S16 D16S0 D16S1 D16S4 D16S8 D16S16 D24S0 D24S1 D24S4 D24S8 D24S16 D32S0 D32S1 D32S4 D32S8 D32S16 D32S0 D32S1 D32S4 D32S8 D32S16 Packed-D24S8 Packed-D32S8 
12:31:09: FBO PF_R32G32B32_UINT depth/stencil support: D0S0 D0S1 D0S4 D0S8 D0S16 D16S0 D16S1 D16S4 D16S8 D16S16 D24S0 D24S1 D24S4 D24S8 D24S16 D32S0 D32S1 D32S4 D32S8 D32S16 D32S0 D32S1 D32S4 D32S8 D32S16 Packed-D24S8 Packed-D32S8 
12:31:09: FBO PF_R32G32B32A32_UINT depth/stencil support: D0S0 D0S1 D0S4 D0S8 D0S16 D16S0 D16S1 D16S4 D16S8 D16S16 D24S0 D24S1 D24S4 D24S8 D24S16 D32S0 D32S1 D32S4 D32S8 D32S16 D32S0 D32S1 D32S4 D32S8 D32S16 Packed-D24S8 Packed-D32S8 
12:31:09: FBO PF_R8_SINT depth/stencil support: D0S0 D0S1 D0S4 D0S8 D0S16 D16S0 D16S1 D16S4 D16S8 D16S16 D24S0 D24S1 D24S4 D24S8 D24S16 D32S0 D32S1 D32S4 D32S8 D32S16 D32S0 D32S1 D32S4 D32S8 D32S16 Packed-D24S8 Packed-D32S8 
12:31:09: FBO PF_R8G8_SINT depth/stencil support: D0S0 D0S1 D0S4 D0S8 D0S16 D16S0 D16S1 D16S4 D16S8 D16S16 D24S0 D24S1 D24S4 D24S8 D24S16 D32S0 D32S1 D32S4 D32S8 D32S16 D32S0 D32S1 D32S4 D32S8 D32S16 Packed-D24S8 Packed-D32S8 
12:31:09: FBO PF_R8G8B8_SINT depth/stencil support: D0S0 D0S1 D0S4 D0S8 D0S16 D16S0 D16S1 D16S4 D16S8 D16S16 D24S0 D24S1 D24S4 D24S8 D24S16 D32S0 D32S1 D32S4 D32S8 D32S16 D32S0 D32S1 D32S4 D32S8 D32S16 Packed-D24S8 Packed-D32S8 
12:31:09: FBO PF_R8G8B8A8_SINT depth/stencil support: D0S0 D0S1 D0S4 D0S8 D0S16 D16S0 D16S1 D16S4 D16S8 D16S16 D24S0 D24S1 D24S4 D24S8 D24S16 D32S0 D32S1 D32S4 D32S8 D32S16 D32S0 D32S1 D32S4 D32S8 D32S16 Packed-D24S8 Packed-D32S8 
12:31:09: FBO PF_R16_SINT depth/stencil support: D0S0 D0S1 D0S4 D0S8 D0S16 D16S0 D16S1 D16S4 D16S8 D16S16 D24S0 D24S1 D24S4 D24S8 D24S16 D32S0 D32S1 D32S4 D32S8 D32S16 D32S0 D32S1 D32S4 D32S8 D32S16 Packed-D24S8 Packed-D32S8 
12:31:09: FBO PF_R16G16_SINT depth/stencil support: D0S0 D0S1 D0S4 D0S8 D0S16 D16S0 D16S1 D16S4 D16S8 D16S16 D24S0 D24S1 D24S4 D24S8 D24S16 D32S0 D32S1 D32S4 D32S8 D32S16 D32S0 D32S1 D32S4 D32S8 D32S16 Packed-D24S8 Packed-D32S8 
12:31:09: FBO PF_R16G16B16_SINT depth/stencil support: D0S0 D0S1 D0S4 D0S8 D0S16 D16S0 D16S1 D16S4 D16S8 D16S16 D24S0 D24S1 D24S4 D24S8 D24S16 D32S0 D32S1 D32S4 D32S8 D32S16 D32S0 D32S1 D32S4 D32S8 D32S16 Packed-D24S8 Packed-D32S8 
12:31:09: FBO PF_R16G16B16A16_SINT depth/stencil support: D0S0 D0S1 D0S4 D0S8 D0S16 D16S0 D16S1 D16S4 D16S8 D16S16 D24S0 D24S1 D24S4 D24S8 D24S16 D32S0 D32S1 D32S4 D32S8 D32S16 D32S0 D32S1 D32S4 D32S8 D32S16 Packed-D24S8 Packed-D32S8 
12:31:09: FBO PF_R32_SINT depth/stencil support: D0S0 D0S1 D0S4 D0S8 D0S16 D16S0 D16S1 D16S4 D16S8 D16S16 D24S0 D24S1 D24S4 D24S8 D24S16 D32S0 D32S1 D32S4 D32S8 D32S16 D32S0 D32S1 D32S4 D32S8 D32S16 Packed-D24S8 Packed-D32S8 
12:31:09: FBO PF_R32G32_SINT depth/stencil support: D0S0 D0S1 D0S4 D0S8 D0S16 D16S0 D16S1 D16S4 D16S8 D16S16 D24S0 D24S1 D24S4 D24S8 D24S16 D32S0 D32S1 D32S4 D32S8 D32S16 D32S0 D32S1 D32S4 D32S8 D32S16 Packed-D24S8 Packed-D32S8 
12:31:09: FBO PF_R32G32B32_SINT depth/stencil support: D0S0 D0S1 D0S4 D0S8 D0S16 D16S0 D16S1 D16S4 D16S8 D16S16 D24S0 D24S1 D24S4 D24S8 D24S16 D32S0 D32S1 D32S4 D32S8 D32S16 D32S0 D32S1 D32S4 D32S8 D32S16 Packed-D24S8 Packed-D32S8 
12:31:09: FBO PF_R32G32B32A32_SINT depth/stencil support: D0S0 D0S1 D0S4 D0S8 D0S16 D16S0 D16S1 D16S4 D16S8 D16S16 D24S0 D24S1 D24S4 D24S8 D24S16 D32S0 D32S1 D32S4 D32S8 D32S16 D32S0 D32S1 D32S4 D32S8 D32S16 Packed-D24S8 Packed-D32S8 
12:31:09: [GL] : Valid FBO targets PF_UNKNOWN PF_L8 PF_L16 PF_BYTE_LA PF_R5G6B5 PF_A4R4G4B4 PF_A1R5G5B5 PF_R8G8B8 PF_B8G8R8 PF_A8R8G8B8 PF_A8B8G8R8 PF_B8G8R8A8 PF_A2R10G10B10 PF_A2B10G10R10 PF_FLOAT16_RGB PF_FLOAT16_RGBA PF_FLOAT32_RGB PF_FLOAT32_RGBA PF_X8R8G8B8 PF_X8B8G8R8 PF_R8G8B8A8 PF_DEPTH PF_SHORT_RGBA PF_R3G3B2 PF_FLOAT16_R PF_FLOAT32_R PF_SHORT_GR PF_FLOAT16_GR PF_FLOAT32_GR PF_SHORT_RGB PF_R11G11B10_FLOAT PF_R8_UINT PF_R8G8_UINT PF_R8G8B8_UINT PF_R8G8B8A8_UINT PF_R16_UINT PF_R16G16_UINT PF_R16G16B16_UINT PF_R16G16B16A16_UINT PF_R32_UINT PF_R32G32_UINT PF_R32G32B32_UINT PF_R32G32B32A32_UINT PF_R8_SINT PF_R8G8_SINT PF_R8G8B8_SINT PF_R8G8B8A8_SINT PF_R16_SINT PF_R16G16_SINT PF_R16G16B16_SINT PF_R16G16B16A16_SINT PF_R32_SINT PF_R32G32_SINT PF_R32G32B32_SINT PF_R32G32B32A32_SINT 
12:31:09: RenderSystem capabilities
12:31:09: -------------------------
12:31:09: RenderSystem Name: OpenGL 3+ Rendering Subsystem
12:31:09: GPU Vendor: apple
12:31:09: Device Name: Apple M1 Pro
12:31:09: Driver Version: 4.1.0.0
12:31:09:  * Fixed function pipeline: no
12:31:09:  * Anisotropic texture filtering: yes
12:31:09:  * Cube mapping: yes
12:31:09:  * Hardware stencil buffer: yes
12:31:09:    - Stencil depth: 8
12:31:09:    - Two sided stencil support: yes
12:31:09:    - Wrap stencil values: yes
12:31:09:  * 32-bit index buffers: yes
12:31:09:  * Vertex programs: yes
12:31:09:  * Number of floating-point constants for vertex programs: 4096
12:31:09:  * Number of integer constants for vertex programs: 4096
12:31:09:  * Number of boolean constants for vertex programs: 4096
12:31:09:  * Fragment programs: yes
12:31:09:  * Number of floating-point constants for fragment programs: 4096
12:31:09:  * Number of integer constants for fragment programs: 4096
12:31:09:  * Number of boolean constants for fragment programs: 4096
12:31:09:  * Geometry programs: yes
12:31:09:  * Number of floating-point constants for geometry programs: 4096
12:31:09:  * Number of integer constants for geometry programs: 4096
12:31:09:  * Number of boolean constants for geometry programs: 4096
12:31:09:  * Tessellation Hull programs: yes
12:31:09:  * Number of floating-point constants for tessellation hull programs: 4096
12:31:09:  * Number of integer constants for tessellation hull programs: 4096
12:31:09:  * Number of boolean constants for tessellation hull programs: 4096
12:31:09:  * Tessellation Domain programs: yes
12:31:09:  * Number of floating-point constants for tessellation domain programs: 4096
12:31:09:  * Number of integer constants for tessellation domain programs: 4096
12:31:09:  * Number of boolean constants for tessellation domain programs: 4096
12:31:09:  * Compute programs: no
12:31:09:  * Number of floating-point constants for compute programs: 0
12:31:09:  * Number of integer constants for compute programs: 0
12:31:09:  * Number of boolean constants for compute programs: 0
12:31:09:  * Supported Shader Profiles: glsl glsl130 glsl140 glsl150 glsl330 glsl400 glsl410
12:31:09:  * Texture Compression: yes
12:31:09:    - DXT: yes
12:31:09:    - VTC: no
12:31:09:    - PVRTC: no
12:31:09:    - ATC: no
12:31:09:    - ETC1: no
12:31:09:    - ETC2: no
12:31:09:    - BC4/BC5: yes
12:31:09:    - BC6H/BC7: no
12:31:09:  * Hardware Occlusion Query: yes
12:31:09:  * User clip planes: yes
12:31:09:  * VET_UBYTE4 vertex element type: yes
12:31:09:  * Infinite far plane projection: yes
12:31:09:  * Hardware render-to-texture: yes
12:31:09:  * Floating point textures: yes
12:31:09:  * Non-power-of-two textures: yes
12:31:09:  * 1d textures: yes
12:31:09:  * Volume textures: yes
12:31:09:  * Multiple Render Targets: 8
12:31:09:    - With different bit depths: yes
12:31:09:  * Point Sprites: yes
12:31:09:  * Hardware Gamma: yes
12:31:09:  * Extended point parameters: yes
12:31:09:  * Max Point Size: 64
12:31:09:  * Vertex texture fetch: yes
12:31:09:  * Number of world matrices: 0
12:31:09:  * Number of texture units: 16
12:31:09:  * Stencil buffer depth: 8
12:31:09:  * Number of vertex blend matrices: 0
12:31:09:    - Max vertex textures: 16
12:31:09:    - Vertex textures shared: yes
12:31:09:  * Render to Vertex Buffer : yes
12:31:09:  * Hardware Atomic Counters: no
12:31:09:  * PBuffer support: no
12:31:09:  * Vertex Array Objects: yes
12:31:09:  * Separate shader objects: no
12:31:09: Registering ResourceManager for type Texture
12:31:09: DefaultWorkQueue('Root') initialising on thread main.
12:31:09: Particle Renderer Type 'billboard' registered
12:31:09: Parsing scripts for resource group Autodetect
12:31:09: Finished parsing scripts for resource group Autodetect
12:31:09: Creating resources for group Autodetect
12:31:09: All done
12:31:09: Parsing scripts for resource group General
12:31:09: Parsing script HelloMine3D.program
12:31:09: Parsing script HelloMine3D.material
12:31:09: Parsing script HelloMine3D.compositor
12:31:09: Finished parsing scripts for resource group General
12:31:09: Creating resources for group General
12:31:09: All done
12:31:09: Parsing scripts for resource group Internal
12:31:09: Finished parsing scripts for resource group Internal
12:31:09: Creating resources for group Internal
12:31:09: All done
12:31:09: Texture: DefaultPack.png: Loading 1 faces(PF_A8R8G8B8,256x256x1) with 8 hardware generated mipmaps from Image. Internal format is PF_A8R8G8B8,256x256x1.
12:32:59: DefaultWorkQueue('Root') shutting down on thread main.
12:32:59: *-*-* OGRE Shutdown
12:32:59: Unregistering ResourceManager for type Compositor
12:32:59: Unregistering ResourceManager for type Skeleton
12:32:59: Unregistering ResourceManager for type Mesh
12:32:59: Unregistering ResourceManager for type HighLevelGpuProgram
12:32:59: Unregistering ResourceManager for type GpuProgram
12:32:59: Unregistering ResourceManager for type Texture
12:32:59: ********************************************
***  Stopping Mac OS X OpenGL Subsystem  ***
********************************************
12:32:59: Unregistering ResourceManager for type Material
